
> mash-ecommerce-website@0.1.0 build
> next build

node.exe : [baseline-browser-mapping] The data in this module is over two 
months old.  To ensure accurate Baseline data, please update: `npm i 
baseline-browser-mapping@latest -D`
At line:1 char:1
+ & "C:\Program Files\nodejs/node.exe" "C:\Program Files\nodejs/node_mo ...
+ ~~~~~~~~~~~~~~~~~~~~~~~~~~~~~~~~~~~~~~~~~~~~~~~~~~~~~~~~~~~~~~~~~~~~~
    + CategoryInfo          : NotSpecified: ([baseline-brows...ping@latest -D` 
   :String) [], RemoteException
    + FullyQualifiedErrorId : NativeCommandError
 
   Γû▓ Next.js 16.0.10 (Turbopack)
   - Environments: .env.production, .env

   Creating an optimized production build ...
[baseline-browser-mapping] The data in this module is over two months old.  To 
ensure accurate Baseline data, please update: `npm i 
baseline-browser-mapping@latest -D`
 Γ£ô Compiled successfully in 35.4s
   Skipping validation of types
   Collecting page data using 7 workers ...
[baseline-browser-mapping] The data in this module is over two months old.  To 
ensure accurate Baseline data, please update: `npm i 
baseline-browser-mapping@latest -D`
[baseline-browser-mapping] The data in this module is over two months old.  To 
ensure accurate Baseline data, please update: `npm i 
baseline-browser-mapping@latest -D`
[baseline-browser-mapping] The data in this module is over two months old.  To 
ensure accurate Baseline data, please update: `npm i 
baseline-browser-mapping@latest -D`
[baseline-browser-mapping] The data in this module is over two months old.  To 
ensure accurate Baseline data, please update: `npm i 
baseline-browser-mapping@latest -D`
[baseline-browser-mapping] The data in this module is over two months old.  To 
ensure accurate Baseline data, please update: `npm i 
baseline-browser-mapping@latest -D`
[baseline-browser-mapping] The data in this module is over two months old.  To 
ensure accurate Baseline data, please update: `npm i 
baseline-browser-mapping@latest -D`
[baseline-browser-mapping] The data in this module is over two months old.  To 
ensure accurate Baseline data, please update: `npm i 
baseline-browser-mapping@latest -D`
   Generating static pages using 7 workers (0/140) ...
[baseline-browser-mapping] The data in this module is over two months old.  To 
ensure accurate Baseline data, please update: `npm i 
baseline-browser-mapping@latest -D`
[baseline-browser-mapping] The data in this module is over two months old.  To 
ensure accurate Baseline data, please update: `npm i 
baseline-browser-mapping@latest -D`
[baseline-browser-mapping] The data in this module is over two months old.  To 
ensure accurate Baseline data, please update: `npm i 
baseline-browser-mapping@latest -D`
[baseline-browser-mapping] The data in this module is over two months old.  To 
ensure accurate Baseline data, please update: `npm i 
baseline-browser-mapping@latest -D`
[baseline-browser-mapping] The data in this module is over two months old.  To 
ensure accurate Baseline data, please update: `npm i 
baseline-browser-mapping@latest -D`
[baseline-browser-mapping] The data in this module is over two months old.  To 
ensure accurate Baseline data, please update: `npm i 
baseline-browser-mapping@latest -D`
   Generating static pages using 7 workers (35/140) 
   Generating static pages using 7 workers (70/140) 
 ΓÜá metadataBase property in metadata export is not set for resolving social 
open graph or twitter images, using "http://localhost:3000". See https://nextjs
.org/docs/app/api-reference/functions/generate-metadata#metadatabase


#
# Fatal process out of memory: Zone
#
----- Native stack trace -----



#
# Fatal process out of memory: Zone
#
----- Native stack trace -----

 1: 00007FF7E3C27487 
 2: 00007FF7E3AFCA6F 
 3: 00007FF7E4D61DE6 
 4: 00007FF7E46E89A1 
 5: 00007FF7E41CB6BB 
 6: 00007FF7E3F396C6 
 7: 00007FF7E3F505B6 
 8: 00007FF7E53D142A 
 9: 00007FF7E53A9998 
10: 00007FF7E53B7537 
11: 00007FF7E53C6A79 
12: 00007FF7E53D25D5 
13: 00007FF7E53B746E 
14: 00007FF7E51713DE 
15: 00007FF7E4E821E1 
16: 00007FF7E4E7C23A 
17: 00007FF7E4665CD4 
18: 00007FF7E462C8B2 
19: 00007FF7E48ED7D6 
20: 00007FF7E3AFF7F0 
21: 00007FF7E3C88593 
22: 00007FF7E5476D9B 
23: 00007FFFAB927374 
24: 00007FFFAC81CC91 
 1: 00007FF7E3C27487 
 2: 00007FF7E3AFCA6F 
 3: 00007FF7E4D61DE6 
 4: 00007FF7E46E89A1 
 5: 00007FF7E41CB6BB 
 6: 00007FF7E4DD995D 
 7: 00007FF7E4EF9663 
 8: 00007FF7E4EFAEB5 
 9: 00007FF7E4EFE09F 
10: 00007FF7E4EFF84A 
11: 00007FF7E4EFBB58 
12: 00007FF7E4EF9975 
13: 00007FF7E4EF7A7F 
14: 00007FF7E4E84583 
15: 00007FF7E4E7B58D 
16: 00007FF7E4E7C215 
17: 00007FF7E4665CD4 
18: 00007FF7E462C8B2 
19: 00007FF7E48ED7D6 
20: 00007FF7E3AFF7F0 
21: 00007FF7E3C88593 
22: 00007FF7E5476D9B 
23: 00007FFFAB927374 
24: 00007FFFAC81CC91 
 Γ¿» Next.js build worker exited with code: 2147483651 and signal: null
