
> mash-ecommerce-website@0.1.0 build
> next build

node.exe : [baseline-browser-mapping] The data in this module is over two months old.  To ensure 
accurate Baseline data, please update: `npm i baseline-browser-mapping@latest -D`
At line:1 char:1
+ & "C:\Program Files\nodejs/node.exe" "C:\Program Files\nodejs/node_mo ...
+ ~~~~~~~~~~~~~~~~~~~~~~~~~~~~~~~~~~~~~~~~~~~~~~~~~~~~~~~~~~~~~~~~~~~~~
    + CategoryInfo          : NotSpecified: ([baseline-brows...ping@latest -D`:String) [], RemoteE 
   xception
    + FullyQualifiedErrorId : NativeCommandError
 
   Γû▓ Next.js 16.0.10 (Turbopack)
   - Environments: .env.production, .env

   Creating an optimized production build ...
[baseline-browser-mapping] The data in this module is over two months old.  To ensure accurate 
Baseline data, please update: `npm i baseline-browser-mapping@latest -D`
 Γ£ô Compiled successfully in 23.3s
   Skipping validation of types
   Collecting page data using 7 workers ...
[baseline-browser-mapping] The data in this module is over two months old.  To ensure accurate 
Baseline data, please update: `npm i baseline-browser-mapping@latest -D`
[baseline-browser-mapping] The data in this module is over two months old.  To ensure accurate 
Baseline data, please update: `npm i baseline-browser-mapping@latest -D`
[baseline-browser-mapping] The data in this module is over two months old.  To ensure accurate 
Baseline data, please update: `npm i baseline-browser-mapping@latest -D`
[baseline-browser-mapping] The data in this module is over two months old.  To ensure accurate 
Baseline data, please update: `npm i baseline-browser-mapping@latest -D`
[baseline-browser-mapping] The data in this module is over two months old.  To ensure accurate 
Baseline data, please update: `npm i baseline-browser-mapping@latest -D`
[baseline-browser-mapping] The data in this module is over two months old.  To ensure accurate 
Baseline data, please update: `npm i baseline-browser-mapping@latest -D`
[baseline-browser-mapping] The data in this module is over two months old.  To ensure accurate 
Baseline data, please update: `npm i baseline-browser-mapping@latest -D`
   Generating static pages using 7 workers (0/152) ...
[baseline-browser-mapping] The data in this module is over two months old.  To ensure accurate 
Baseline data, please update: `npm i baseline-browser-mapping@latest -D`
[baseline-browser-mapping] The data in this module is over two months old.  To ensure accurate 
Baseline data, please update: `npm i baseline-browser-mapping@latest -D`
[baseline-browser-mapping] The data in this module is over two months old.  To ensure accurate 
Baseline data, please update: `npm i baseline-browser-mapping@latest -D`
[baseline-browser-mapping] The data in this module is over two months old.  To ensure accurate 
Baseline data, please update: `npm i baseline-browser-mapping@latest -D`
[baseline-browser-mapping] The data in this module is over two months old.  To ensure accurate 
Baseline data, please update: `npm i baseline-browser-mapping@latest -D`
[baseline-browser-mapping] The data in this module is over two months old.  To ensure accurate 
Baseline data, please update: `npm i baseline-browser-mapping@latest -D`
[baseline-browser-mapping] The data in this module is over two months old.  To ensure accurate 
Baseline data, please update: `npm i baseline-browser-mapping@latest -D`
   Generating static pages using 7 workers (38/152) 
 ΓÜá metadataBase property in metadata export is not set for resolving social open graph or 
twitter images, using "http://localhost:3000". See 
https://nextjs.org/docs/app/api-reference/functions/generate-metadata#metadatabase
   Generating static pages using 7 workers (76/152) 
   Generating static pages using 7 workers (114/152) 
 Γ£ô Generating static pages using 7 workers (152/152) in 5.4s
   Finalizing page optimization ...

Route (app)                               Revalidate  Expire
Γöî Γùï /                                             5m      1y
Γö£ Γùï /_not-found                                   5m      1y
Γö£ Γùï /about                                        5m      1y
Γö£ Γùï /account-recovery                             5m      1y
Γö£ Γùï /api-test                                     5m      1y
Γö£ ╞Æ /api/ai/gemini
Γö£ ╞Æ /api/ai/hf
Γö£ ╞Æ /api/analytics/chatbot/daily
Γö£ ╞Æ /api/analytics/chatbot/export
Γö£ ╞Æ /api/analytics/chatbot/weekly
Γö£ ╞Æ /api/auth/2fa/disable
Γö£ ╞Æ /api/auth/2fa/enable
Γö£ ╞Æ /api/auth/2fa/send
Γö£ ╞Æ /api/auth/2fa/verify
Γö£ ╞Æ /api/auth/clear-cookie
Γö£ ╞Æ /api/auth/clear-tokens
Γö£ ╞Æ /api/auth/firebase-sync
Γö£ ╞Æ /api/auth/get-role
Γö£ ╞Æ /api/auth/get-token
Γö£ ╞Æ /api/auth/logout
Γö£ ╞Æ /api/auth/me
Γö£ ╞Æ /api/auth/session
Γö£ ╞Æ /api/auth/set-cookie
Γö£ ╞Æ /api/auth/set-token
Γö£ ╞Æ /api/chatbot/message
Γö£ ╞Æ /api/cms/faq
Γö£ ╞Æ /api/cms/faq/[id]
Γö£ ╞Æ /api/cms/faq/categories
Γö£ ╞Æ /api/cms/features
Γö£ ╞Æ /api/cms/features/[id]
Γö£ ╞Æ /api/cms/hero
Γö£ ╞Æ /api/cms/hero/[id]
Γö£ ╞Æ /api/cms/upload
Γö£ ╞Æ /api/contact
Γö£ ╞Æ /api/devices
Γö£ ╞Æ /api/draft-mode/disable
Γö£ ╞Æ /api/draft-mode/enable
Γö£ ╞Æ /api/email/send
Γö£ ╞Æ /api/health
Γö£ ╞Æ /api/inventory/low-stock
Γö£ ╞Æ /api/lalamove/chat/send
Γö£ ╞Æ /api/lalamove/create-order
Γö£ ╞Æ /api/lalamove/driver
Γö£ ╞Æ /api/lalamove/driver-details
Γö£ ╞Æ /api/lalamove/order
Γö£ ╞Æ /api/lalamove/order-details
Γö£ ╞Æ /api/lalamove/orders
Γö£ ╞Æ /api/lalamove/priority
Γö£ ╞Æ /api/lalamove/quotation
Γö£ ╞Æ /api/lalamove/webhook
Γö£ ╞Æ /api/main/about
Γö£ ╞Æ /api/main/faq
Γö£ ╞Æ /api/main/growers
Γö£ ╞Æ /api/main/home
Γö£ ╞Æ /api/maps/resolve
Γö£ ╞Æ /api/notifications
Γö£ ╞Æ /api/notifications/unread-count
Γö£ ╞Æ /api/orders
Γö£ ╞Æ /api/orders/[id]
Γö£ ╞Æ /api/orders/[id]/status
Γö£ ╞Æ /api/orders/schedule-delivery
Γö£ ╞Æ /api/otp/resend
Γö£ ╞Æ /api/otp/send
Γö£ ╞Æ /api/otp/verify
Γö£ ╞Æ /api/payment/create-intent
Γö£ ╞Æ /api/payment/status
Γö£ ╞Æ /api/payment/webhook
Γö£ ╞Æ /api/products
Γö£ ╞Æ /api/products/[id]
Γö£ ╞Æ /api/products/[id]/inventory
Γö£ ╞Æ /api/products/[id]/stock-alert
Γö£ ╞Æ /api/reviews/send-notification
Γö£ ╞Æ /api/reviews/sync-from-sanity
Γö£ ╞Æ /api/reviews/sync-to-sanity
Γö£ ╞Æ /api/reviews/verify-purchase
Γö£ ╞Æ /api/seller/addresses
Γö£ ╞Æ /api/seller/dashboard
Γö£ ╞Æ /api/seller/inventory/update
Γö£ ╞Æ /api/seller/notification-preferences
Γö£ ╞Æ /api/seller/notifications
Γö£ ╞Æ /api/seller/orders
Γö£ ╞Æ /api/seller/password
Γö£ ╞Æ /api/seller/payment-info
Γö£ ╞Æ /api/seller/products
Γö£ ╞Æ /api/seller/products/[id]
Γö£ ╞Æ /api/seller/products/upload-image
Γö£ ╞Æ /api/seller/profile
Γö£ ╞Æ /api/seller/refunds
Γö£ ╞Æ /api/seller/stock/adjust
Γö£ ╞Æ /api/seller/stock/batch
Γö£ ╞Æ /api/seller/stock/thresholds
Γö£ ╞Æ /api/user/apply-as-seller
Γö£ ╞Æ /api/user/avatar
Γö£ ╞Æ /api/user/onboarding
Γö£ ╞Æ /api/user/profile
Γö£ Γùï /auth-test                                    5m      1y
Γö£ Γùï /blog                                         5m      1y
Γö£ ╞Æ /blog/[slug]
Γö£ Γùï /cart                                         5m      1y
Γö£ ╞Æ /category/[slug]
Γö£ Γùï /checkout                                     5m      1y
Γö£ Γùï /checkout/payment-failed                      5m      1y
Γö£ Γùï /checkout/payment-success                     5m      1y
Γö£ Γùï /contact                                      5m      1y
Γö£ Γùï /dashboard                                    5m      1y
Γö£ Γùï /faq                                          5m      1y
Γö£ Γùï /forgot-password                              5m      1y
Γö£ Γùï /grower                                       5m      1y
Γö£ ╞Æ /grower/[id]
Γö£ ╞Æ /grower/[id]/book
Γö£ Γùï /guides                                       5m      1y
Γö£ ╞Æ /guides/[slug]
Γö£ Γùï /inventory                                    5m      1y
Γö£ Γùï /inventory-dashboard                          5m      1y
Γö£ Γùï /lalamove-test                                5m      1y
Γö£ Γùï /login                                        5m      1y
Γö£ Γùï /login/email-link                             5m      1y
Γö£ Γùï /onboarding/complete                          5m      1y
Γö£ Γùï /onboarding/cooking                           5m      1y
Γö£ Γùï /onboarding/interests                         5m      1y
Γö£ Γùï /orders                                       5m      1y
Γö£ ╞Æ /orders/[orderId]/track
Γö£ Γùï /orders/firebase                              5m      1y
Γö£ Γùï /privacy                                      5m      1y
Γö£ Γùï /product                                      5m      1y
Γö£ ╞Æ /product/[slug]
Γö£ Γùï /profile                                      5m      1y
Γö£ Γùï /profile/my-information                       5m      1y
Γö£ Γùï /profile/order-history                        5m      1y
Γö£ ╞Æ /profile/orders/[orderId]/track
Γö£ Γùï /recipes                                      5m      1y
Γö£ ╞Æ /recipes/[slug]
Γö£ Γùï /reset-password                               5m      1y
Γö£ Γùï /reset-success                                5m      1y
Γö£ Γùï /returns-policy                               5m      1y
Γö£ Γùï /robots.txt
Γö£ Γùï /seller                                       5m      1y
Γö£ Γùï /seller/address                               5m      1y
Γö£ Γùï /seller/analytics                             5m      1y
Γö£ Γùï /seller/analytics/reviews                     5m      1y
Γö£ Γùï /seller/dashboard                             5m      1y
Γö£ Γùï /seller/handover                              5m      1y
Γö£ Γùï /seller/inventory                             5m      1y
Γö£ Γùï /seller/my-reviews                            5m      1y
Γö£ Γùï /seller/notifications                         5m      1y
Γö£ Γùï /seller/orders                                5m      1y
Γö£ ╞Æ /seller/orders/[id]
Γö£ Γùï /seller/products                              5m      1y
Γö£ ╞Æ /seller/products/edit/[id]
Γö£ Γùï /seller/products/new                          5m      1y
Γö£ Γùï /seller/refund                                5m      1y
Γö£ Γùï /seller/reviews                               5m      1y
Γö£ Γùï /seller/settings                              5m      1y
Γö£ Γùï /seller/shipping                              5m      1y
Γö£ Γùï /seller/stock-management                      5m      1y
Γö£ Γùï /shipping-info                                5m      1y
Γö£ Γùï /shop                                         5m      1y
Γö£ Γùï /signup                                       5m      1y
Γö£ Γùï /sitemap.xml
Γö£ Γùï /start-selling                                5m      1y
Γö£ Γùï /stores                                       5m      1y
Γö£ ΓùÅ /stores/[slug]                                5m      1y
Γöé Γö£ /stores/mash-novaliches-main                  5m      1y
Γöé Γö£ /stores/caloocan-pickup                       5m      1y
Γöé Γö£ /stores/commonwealth-pickup                   5m      1y
Γöé Γöö /stores/organic-market-qc                     5m      1y
Γö£ Γùï /terms                                        5m      1y
Γö£ Γùï /test-lalamove                                5m      1y
Γö£ Γùï /test/grower-booking                          5m      1y
Γö£ Γùï /verify-otp                                   5m      1y
Γö£ Γùï /welcome                                      5m      1y
Γöö Γùï /wishlist                                     5m      1y


╞Æ Proxy (Middleware)

Γùï  (Static)   prerendered as static content
ΓùÅ  (SSG)      prerendered as static HTML (uses generateStaticParams)
╞Æ  (Dynamic)  server-rendered on demand

