
> mash-ecommerce-website@0.1.0 test
> jest --config=jest.chatbot.config.js --verbose

[dotenv@17.2.3] injecting env (10) from .env.test -- tip: ≡ƒæÑ sync secrets across teammates & machines: https://dotenvx.com/ops
node.exe : FAIL AI Chatbot System src/lib/ai/__tests__/config.test.ts
At line:1 char:1
+ & "C:\Program Files\nodejs/node.exe" "C:\Users\ADMIN\AppData\Roaming\ ...
+ ~~~~~~~~~~~~~~~~~~~~~~~~~~~~~~~~~~~~~~~~~~~~~~~~~~~~~~~~~~~~~~~~~~~~~
    + CategoryInfo          : NotSpecified: (FAIL AI Chatbot.../config.test.ts:String) [], RemoteException
    + FullyQualifiedErrorId : NativeCommandError
 
  Phase 1: AI Configuration
    Environment Variables
      ΓêÜ should load GEMINI_API_KEY from environment (75 ms)
      ΓêÜ should load HF_API_KEY from environment (1 ms)
      ΓêÜ should load CHATBOT_ENABLED flag
      ΓêÜ should load MAX_MESSAGES_PER_MINUTE with default (1 ms)
    validateConfig()
      ΓêÜ should not throw when chatbot is enabled
      ΓêÜ should warn if API keys are missing (2 ms)
    getGeminiUrl()
      ├ù should return valid Gemini API URL (3 ms)
      ΓêÜ should accept custom model name (1 ms)
      ΓêÜ should include API key in URL (1 ms)
    getHuggingFaceUrl()
      ΓêÜ should return valid Hugging Face API URL (3 ms)
      ΓêÜ should accept custom model name (1 ms)
      ΓêÜ should use default fallback model
    Configuration Constants
      ├ù should have correct Gemini model name (6 ms)
      ΓêÜ should have reasonable timeout values
      ΓêÜ should have reasonable message limits

  ΓùÅ Phase 1: AI Configuration ΓÇ║ getGeminiUrl() ΓÇ║ should return valid Gemini API URL

    expect(received).toContain(expected) // indexOf

    Expected substring: "gemini-1.5-flash"
    Received string:    "https://generativelanguage.googleapis.com/v1/models/gemini-2.0-flash-exp:generateContent?key=AIzaSyDuEJXXyIz5vlEBMv3ZyxtyCpw-yJZtubg"

    [0m [90m 66 |[39m
     [90m 67 |[39m       expect(url)[33m.[39mtoContain([32m'generativelanguage.googleapis.com'[39m)[33m;[39m
    [31m[1m>[22m[39m[90m 68 |[39m       expect(url)[33m.[39mtoContain([32m'gemini-1.5-flash'[39m)[33m;[39m
     [90m    |[39m                   [31m[1m^[22m[39m
     [90m 69 |[39m       expect(url)[33m.[39mtoContain([32m'generateContent'[39m)[33m;[39m
     [90m 70 |[39m       expect(url)[33m.[39mtoContain([32m'key='[39m)[33m;[39m
     [90m 71 |[39m     })[33m;[39m[0m

      at Object.toContain (src/lib/ai/__tests__/config.test.ts:68:19)

  ΓùÅ Phase 1: AI Configuration ΓÇ║ Configuration Constants ΓÇ║ should have correct Gemini model name

    expect(received).toBe(expected) // Object.is equality

    Expected: "gemini-1.5-flash"
    Received: "gemini-2.0-flash-exp"

    [0m [90m 111 |[39m   describe([32m'Configuration Constants'[39m[33m,[39m () [33m=>[39m {
     [90m 112 |[39m     it([32m'should have correct Gemini model name'[39m[33m,[39m () [33m=>[39m {
    [31m[1m>[22m[39m[90m 113 |[39m       expect([33mGEMINI_MODEL[39m)[33m.[39mtoBe([32m'gemini-1.5-flash'[39m)[33m;[39m
     [90m     |[39m                            [31m[1m^[22m[39m
     [90m 114 |[39m     })[33m;[39m
     [90m 115 |[39m
     [90m 116 |[39m     it([32m'should have reasonable timeout values'[39m[33m,[39m () [33m=>[39m {[0m

      at Object.toBe (src/lib/ai/__tests__/config.test.ts:113:28)

  console.error
    [ChatContext] Failed to send message: Error: API timeout
        at Object.<anonymous> (C:\Users\ADMIN\Desktop\PP Namias\MASH\MASH-Ecommerce-Web-Seller-Registration\src\contexts\__tests__\ChatContext.test.tsx:136:7)
        at Promise.then.completed (C:\Users\ADMIN\Desktop\PP Namias\MASH\MASH-Ecommerce-Web-Seller-Registration\node_modules\jest-circus\build\utils.js:298:28)
        at new Promise (<anonymous>)
        at callAsyncCircusFn (C:\Users\ADMIN\Desktop\PP Namias\MASH\MASH-Ecommerce-Web-Seller-Registration\node_modules\jest-circus\build\utils.js:231:10)
        at _callCircusTest (C:\Users\ADMIN\Desktop\PP Namias\MASH\MASH-Ecommerce-Web-Seller-Registration\node_modules\jest-circus\build\run.js:316:40)
        at _runTest (C:\Users\ADMIN\Desktop\PP Namias\MASH\MASH-Ecommerce-Web-Seller-Registration\node_modules\jest-circus\build\run.js:252:3)
        at _runTestsForDescribeBlock (C:\Users\ADMIN\Desktop\PP Namias\MASH\MASH-Ecommerce-Web-Seller-Registration\node_modules\jest-circus\build\run.js:126:9)
        at _runTestsForDescribeBlock (C:\Users\ADMIN\Desktop\PP Namias\MASH\MASH-Ecommerce-Web-Seller-Registration\node_modules\jest-circus\build\run.js:121:9)
        at run (C:\Users\ADMIN\Desktop\PP Namias\MASH\MASH-Ecommerce-Web-Seller-Registration\node_modules\jest-circus\build\run.js:71:3)
        at runAndTransformResultsToJestFormat (C:\Users\ADMIN\Desktop\PP Namias\MASH\MASH-Ecommerce-Web-Seller-Registration\node_modules\jest-circus\build\legacy-code-todo-rewrite\jestAdapterInit.js:122:21)
        at jestAdapter (C:\Users\ADMIN\Desktop\PP Namias\MASH\MASH-Ecommerce-Web-Seller-Registration\node_modules\jest-circus\build\legacy-code-todo-rewrite\jestAdapter.js:79:19)
        at runTestInternal (C:\Users\ADMIN\Desktop\PP Namias\MASH\MASH-Ecommerce-Web-Seller-Registration\node_modules\jest-runner\build\runTest.js:367:16)
        at runTest (C:\Users\ADMIN\Desktop\PP Namias\MASH\MASH-Ecommerce-Web-Seller-Registration\node_modules\jest-runner\build\runTest.js:444:34)
        at Object.worker (C:\Users\ADMIN\Desktop\PP Namias\MASH\MASH-Ecommerce-Web-Seller-Registration\node_modules\jest-runner\build\testWorker.js:106:12)

    [0m [90m 87 |[39m       [36mreturn[39m[33m;[39m
     [90m 88 |[39m     }
    [31m[1m>[22m[39m[90m 89 |[39m     originalError[33m.[39mcall(console[33m,[39m [33m...[39margs)[33m;[39m
     [90m    |[39m                   [31m[1m^[22m[39m
     [90m 90 |[39m   }[33m;[39m
     [90m 91 |[39m })[33m;[39m
     [90m 92 |[39m[0m

      at console.error (jest.setup.js:89:19)
      at Object.error [as sendMessage] (src/contexts/ChatContext.tsx:195:17)
      at src/contexts/__tests__/ChatContext.test.tsx:144:7

FAIL AI Chatbot System src/contexts/__tests__/ChatContext.test.tsx (6.669 s)
  ChatContext
    ΓêÜ should throw error when useChat is called outside provider (206 ms)
    ΓêÜ should provide initial state (49 ms)
    ΓêÜ should send message and update state (26 ms)
    ΓêÜ should handle RAG service errors (291 ms)
    ΓêÜ should not send empty messages (4 ms)
    ΓêÜ should clear history (4 ms)
    ΓêÜ should toggle isOpen state (3 ms)
    ΓêÜ should persist chat history to localStorage (21 ms)
    ΓêÜ should load chat history from localStorage (3 ms)
    ├ù should prevent sending multiple messages while loading (167 ms)

  ΓùÅ ChatContext ΓÇ║ should prevent sending multiple messages while loading

    expect(jest.fn()).toHaveBeenCalledTimes(expected)

    Expected number of calls: 1
    Received number of calls: 2

    [0m [90m 290 |[39m
     [90m 291 |[39m     [90m// Should only have called RAG service once[39m
    [31m[1m>[22m[39m[90m 292 |[39m     expect(ragService[33m.[39msmartRAGSearch)[33m.[39mtoHaveBeenCalledTimes([35m1[39m)[33m;[39m
     [90m     |[39m                                       [31m[1m^[22m[39m
     [90m 293 |[39m   })[33m;[39m
     [90m 294 |[39m })[33m;[39m
     [90m 295 |[39m[0m

      at Object.toHaveBeenCalledTimes (src/contexts/__tests__/ChatContext.test.tsx:292:39)

  console.warn
    Warning: Missing `Description` or `aria-describedby={undefined}` for {DialogContent}.

    [0m [90m 69 |[39m
     [90m 70 |[39m   it([32m'should render dialog when open'[39m[33m,[39m () [33m=>[39m {
    [31m[1m>[22m[39m[90m 71 |[39m     render([33m<[39m[33mChatDialog[39m {[33m...[39mdefaultProps} [33m/[39m[33m>[39m)[33m;[39m
     [90m    |[39m           [31m[1m^[22m[39m
     [90m 72 |[39m
     [90m 73 |[39m     expect(screen[33m.[39mgetByTestId([32m'chat-dialog'[39m))[33m.[39mtoBeInTheDocument()[33m;[39m
     [90m 74 |[39m   })[33m;[39m[0m

      at node_modules/@radix-ui/react-dialog/src/dialog.tsx:543:36
      at Object.react-stack-bottom-frame (node_modules/react-dom/cjs/react-dom-client.development.js:23949:20)
      at runWithFiberInDEV (node_modules/react-dom/cjs/react-dom-client.development.js:1522:13)
      at commitHookEffectListMount (node_modules/react-dom/cjs/react-dom-client.development.js:11905:29)
      at commitHookPassiveMountEffects (node_modules/react-dom/cjs/react-dom-client.development.js:12028:11)
      at commitPassiveMountOnFiber (node_modules/react-dom/cjs/react-dom-client.development.js:13841:13)
      at recursivelyTraversePassiveMountEffects (node_modules/react-dom/cjs/react-dom-client.development.js:13815:11)
      at commitPassiveMountOnFiber (node_modules/react-dom/cjs/react-dom-client.development.js:13957:11)
      at recursivelyTraversePassiveMountEffects (node_modules/react-dom/cjs/react-dom-client.development.js:13815:11)
      at commitPassiveMountOnFiber (node_modules/react-dom/cjs/react-dom-client.development.js:13834:11)
      at recursivelyTraversePassiveMountEffects (node_modules/react-dom/cjs/react-dom-client.development.js:13815:11)
      at commitPassiveMountOnFiber (node_modules/react-dom/cjs/react-dom-client.development.js:13834:11)
      at recursivelyTraversePassiveMountEffects (node_modules/react-dom/cjs/react-dom-client.development.js:13815:11)
      at commitPassiveMountOnFiber (node_modules/react-dom/cjs/react-dom-client.development.js:13834:11)
      at recursivelyTraversePassiveMountEffects (node_modules/react-dom/cjs/react-dom-client.development.js:13815:11)
      at commitPassiveMountOnFiber (node_modules/react-dom/cjs/react-dom-client.development.js:13834:11)
      at recursivelyTraversePassiveMountEffects (node_modules/react-dom/cjs/react-dom-client.development.js:13815:11)
      at commitPassiveMountOnFiber (node_modules/react-dom/cjs/react-dom-client.development.js:13834:11)
      at recursivelyTraversePassiveMountEffects (node_modules/react-dom/cjs/react-dom-client.development.js:13815:11)
      at commitPassiveMountOnFiber (node_modules/react-dom/cjs/react-dom-client.development.js:13834:11)
      at recursivelyTraversePassiveMountEffects (node_modules/react-dom/cjs/react-dom-client.development.js:13815:11)
      at commitPassiveMountOnFiber (node_modules/react-dom/cjs/react-dom-client.development.js:13834:11)
      at recursivelyTraversePassiveMountEffects (node_modules/react-dom/cjs/react-dom-client.development.js:13815:11)
      at commitPassiveMountOnFiber (node_modules/react-dom/cjs/react-dom-client.development.js:13957:11)
      at recursivelyTraversePassiveMountEffects (node_modules/react-dom/cjs/react-dom-client.development.js:13815:11)
      at commitPassiveMountOnFiber (node_modules/react-dom/cjs/react-dom-client.development.js:13834:11)
      at recursivelyTraversePassiveMountEffects (node_modules/react-dom/cjs/react-dom-client.development.js:13815:11)
      at commitPassiveMountOnFiber (node_modules/react-dom/cjs/react-dom-client.development.js:13834:11)
      at recursivelyTraversePassiveMountEffects (node_modules/react-dom/cjs/react-dom-client.development.js:13815:11)
      at commitPassiveMountOnFiber (node_modules/react-dom/cjs/react-dom-client.development.js:13957:11)
      at recursivelyTraversePassiveMountEffects (node_modules/react-dom/cjs/react-dom-client.development.js:13815:11)
      at commitPassiveMountOnFiber (node_modules/react-dom/cjs/react-dom-client.development.js:13834:11)
      at recursivelyTraversePassiveMountEffects (node_modules/react-dom/cjs/react-dom-client.development.js:13815:11)
      at commitPassiveMountOnFiber (node_modules/react-dom/cjs/react-dom-client.development.js:13834:11)
      at recursivelyTraversePassiveMountEffects (node_modules/react-dom/cjs/react-dom-client.development.js:13815:11)
      at commitPassiveMountOnFiber (node_modules/react-dom/cjs/react-dom-client.development.js:13834:11)
      at recursivelyTraversePassiveMountEffects (node_modules/react-dom/cjs/react-dom-client.development.js:13815:11)
      at commitPassiveMountOnFiber (node_modules/react-dom/cjs/react-dom-client.development.js:13834:11)
      at recursivelyTraversePassiveMountEffects (node_modules/react-dom/cjs/react-dom-client.development.js:13815:11)
      at commitPassiveMountOnFiber (node_modules/react-dom/cjs/react-dom-client.development.js:13957:11)
      at recursivelyTraversePassiveMountEffects (node_modules/react-dom/cjs/react-dom-client.development.js:13815:11)
      at commitPassiveMountOnFiber (node_modules/react-dom/cjs/react-dom-client.development.js:13834:11)
      at recursivelyTraversePassiveMountEffects (node_modules/react-dom/cjs/react-dom-client.development.js:13815:11)
      at commitPassiveMountOnFiber (node_modules/react-dom/cjs/react-dom-client.development.js:13834:11)
      at recursivelyTraversePassiveMountEffects (node_modules/react-dom/cjs/react-dom-client.development.js:13815:11)
      at commitPassiveMountOnFiber (node_modules/react-dom/cjs/react-dom-client.development.js:13834:11)
      at recursivelyTraversePassiveMountEffects (node_modules/react-dom/cjs/react-dom-client.development.js:13815:11)
      at commitPassiveMountOnFiber (node_modules/react-dom/cjs/react-dom-client.development.js:13834:11)
      at recursivelyTraversePassiveMountEffects (node_modules/react-dom/cjs/react-dom-client.development.js:13815:11)
      at commitPassiveMountOnFiber (node_modules/react-dom/cjs/react-dom-client.development.js:13853:11)
      at flushPassiveEffects (node_modules/react-dom/cjs/react-dom-client.development.js:15737:9)
      at flushPendingEffects (node_modules/react-dom/cjs/react-dom-client.development.js:15702:14)
      at flushSpawnedWork (node_modules/react-dom/cjs/react-dom-client.development.js:15668:44)
      at commitRoot (node_modules/react-dom/cjs/react-dom-client.development.js:15403:9)
      at performWorkOnRoot (node_modules/react-dom/cjs/react-dom-client.development.js:14526:15)
      at performSyncWorkOnRoot (node_modules/react-dom/cjs/react-dom-client.development.js:16231:7)
      at flushSyncWorkAcrossRoots_impl (node_modules/react-dom/cjs/react-dom-client.development.js:16079:21)
      at flushSpawnedWork (node_modules/react-dom/cjs/react-dom-client.development.js:15677:9)
      at commitRoot (node_modules/react-dom/cjs/react-dom-client.development.js:15403:9)
      at performWorkOnRoot (node_modules/react-dom/cjs/react-dom-client.development.js:14526:15)
      at performWorkOnRootViaSchedulerTask (node_modules/react-dom/cjs/react-dom-client.development.js:16216:7)
      at flushActQueue (node_modules/react/cjs/react.development.js:566:34)
      at Object.<anonymous>.process.env.NODE_ENV.exports.act (node_modules/react/cjs/react.development.js:859:10)
      at node_modules/@testing-library/react/dist/act-compat.js:46:25
      at renderRoot (node_modules/@testing-library/react/dist/pure.js:189:26)
      at render (node_modules/@testing-library/react/dist/pure.js:291:10)
      at Object.<anonymous> (src/components/chatbot/__tests__/ChatDialog.test.tsx:71:11)

  console.warn
    Warning: Missing `Description` or `aria-describedby={undefined}` for {DialogContent}.

    [0m [90m 81 |[39m
     [90m 82 |[39m   it([32m'should render dialog title'[39m[33m,[39m () [33m=>[39m {
    [31m[1m>[22m[39m[90m 83 |[39m     render([33m<[39m[33mChatDialog[39m {[33m...[39mdefaultProps} [33m/[39m[33m>[39m)[33m;[39m
     [90m    |[39m           [31m[1m^[22m[39m
     [90m 84 |[39m
     [90m 85 |[39m     expect(screen[33m.[39mgetByText([32m'≡ƒìä MASH AI Assistant'[39m))[33m.[39mtoBeInTheDocument()[33m;[39m
     [90m 86 |[39m   })[33m;[39m[0m

      at node_modules/@radix-ui/react-dialog/src/dialog.tsx:543:36
      at Object.react-stack-bottom-frame (node_modules/react-dom/cjs/react-dom-client.development.js:23949:20)
      at runWithFiberInDEV (node_modules/react-dom/cjs/react-dom-client.development.js:1522:13)
      at commitHookEffectListMount (node_modules/react-dom/cjs/react-dom-client.development.js:11905:29)
      at commitHookPassiveMountEffects (node_modules/react-dom/cjs/react-dom-client.development.js:12028:11)
      at commitPassiveMountOnFiber (node_modules/react-dom/cjs/react-dom-client.development.js:13841:13)
      at recursivelyTraversePassiveMountEffects (node_modules/react-dom/cjs/react-dom-client.development.js:13815:11)
      at commitPassiveMountOnFiber (node_modules/react-dom/cjs/react-dom-client.development.js:13957:11)
      at recursivelyTraversePassiveMountEffects (node_modules/react-dom/cjs/react-dom-client.development.js:13815:11)
      at commitPassiveMountOnFiber (node_modules/react-dom/cjs/react-dom-client.development.js:13834:11)
      at recursivelyTraversePassiveMountEffects (node_modules/react-dom/cjs/react-dom-client.development.js:13815:11)
      at commitPassiveMountOnFiber (node_modules/react-dom/cjs/react-dom-client.development.js:13834:11)
      at recursivelyTraversePassiveMountEffects (node_modules/react-dom/cjs/react-dom-client.development.js:13815:11)
      at commitPassiveMountOnFiber (node_modules/react-dom/cjs/react-dom-client.development.js:13834:11)
      at recursivelyTraversePassiveMountEffects (node_modules/react-dom/cjs/react-dom-client.development.js:13815:11)
      at commitPassiveMountOnFiber (node_modules/react-dom/cjs/react-dom-client.development.js:13834:11)
      at recursivelyTraversePassiveMountEffects (node_modules/react-dom/cjs/react-dom-client.development.js:13815:11)
      at commitPassiveMountOnFiber (node_modules/react-dom/cjs/react-dom-client.development.js:13834:11)
      at recursivelyTraversePassiveMountEffects (node_modules/react-dom/cjs/react-dom-client.development.js:13815:11)
      at commitPassiveMountOnFiber (node_modules/react-dom/cjs/react-dom-client.development.js:13834:11)
      at recursivelyTraversePassiveMountEffects (node_modules/react-dom/cjs/react-dom-client.development.js:13815:11)
      at commitPassiveMountOnFiber (node_modules/react-dom/cjs/react-dom-client.development.js:13834:11)
      at recursivelyTraversePassiveMountEffects (node_modules/react-dom/cjs/react-dom-client.development.js:13815:11)
      at commitPassiveMountOnFiber (node_modules/react-dom/cjs/react-dom-client.development.js:13957:11)
      at recursivelyTraversePassiveMountEffects (node_modules/react-dom/cjs/react-dom-client.development.js:13815:11)
      at commitPassiveMountOnFiber (node_modules/react-dom/cjs/react-dom-client.development.js:13834:11)
      at recursivelyTraversePassiveMountEffects (node_modules/react-dom/cjs/react-dom-client.development.js:13815:11)
      at commitPassiveMountOnFiber (node_modules/react-dom/cjs/react-dom-client.development.js:13834:11)
      at recursivelyTraversePassiveMountEffects (node_modules/react-dom/cjs/react-dom-client.development.js:13815:11)
      at commitPassiveMountOnFiber (node_modules/react-dom/cjs/react-dom-client.development.js:13957:11)
      at recursivelyTraversePassiveMountEffects (node_modules/react-dom/cjs/react-dom-client.development.js:13815:11)
      at commitPassiveMountOnFiber (node_modules/react-dom/cjs/react-dom-client.development.js:13834:11)
      at recursivelyTraversePassiveMountEffects (node_modules/react-dom/cjs/react-dom-client.development.js:13815:11)
      at commitPassiveMountOnFiber (node_modules/react-dom/cjs/react-dom-client.development.js:13834:11)
      at recursivelyTraversePassiveMountEffects (node_modules/react-dom/cjs/react-dom-client.development.js:13815:11)
      at commitPassiveMountOnFiber (node_modules/react-dom/cjs/react-dom-client.development.js:13834:11)
      at recursivelyTraversePassiveMountEffects (node_modules/react-dom/cjs/react-dom-client.development.js:13815:11)
      at commitPassiveMountOnFiber (node_modules/react-dom/cjs/react-dom-client.development.js:13834:11)
      at recursivelyTraversePassiveMountEffects (node_modules/react-dom/cjs/react-dom-client.development.js:13815:11)
      at commitPassiveMountOnFiber (node_modules/react-dom/cjs/react-dom-client.development.js:13957:11)
      at recursivelyTraversePassiveMountEffects (node_modules/react-dom/cjs/react-dom-client.development.js:13815:11)
      at commitPassiveMountOnFiber (node_modules/react-dom/cjs/react-dom-client.development.js:13834:11)
      at recursivelyTraversePassiveMountEffects (node_modules/react-dom/cjs/react-dom-client.development.js:13815:11)
      at commitPassiveMountOnFiber (node_modules/react-dom/cjs/react-dom-client.development.js:13834:11)
      at recursivelyTraversePassiveMountEffects (node_modules/react-dom/cjs/react-dom-client.development.js:13815:11)
      at commitPassiveMountOnFiber (node_modules/react-dom/cjs/react-dom-client.development.js:13834:11)
      at recursivelyTraversePassiveMountEffects (node_modules/react-dom/cjs/react-dom-client.development.js:13815:11)
      at commitPassiveMountOnFiber (node_modules/react-dom/cjs/react-dom-client.development.js:13834:11)
      at recursivelyTraversePassiveMountEffects (node_modules/react-dom/cjs/react-dom-client.development.js:13815:11)
      at commitPassiveMountOnFiber (node_modules/react-dom/cjs/react-dom-client.development.js:13853:11)
      at flushPassiveEffects (node_modules/react-dom/cjs/react-dom-client.development.js:15737:9)
      at flushPendingEffects (node_modules/react-dom/cjs/react-dom-client.development.js:15702:14)
      at flushSpawnedWork (node_modules/react-dom/cjs/react-dom-client.development.js:15668:44)
      at commitRoot (node_modules/react-dom/cjs/react-dom-client.development.js:15403:9)
      at performWorkOnRoot (node_modules/react-dom/cjs/react-dom-client.development.js:14526:15)
      at performSyncWorkOnRoot (node_modules/react-dom/cjs/react-dom-client.development.js:16231:7)
      at flushSyncWorkAcrossRoots_impl (node_modules/react-dom/cjs/react-dom-client.development.js:16079:21)
      at flushSpawnedWork (node_modules/react-dom/cjs/react-dom-client.development.js:15677:9)
      at commitRoot (node_modules/react-dom/cjs/react-dom-client.development.js:15403:9)
      at performWorkOnRoot (node_modules/react-dom/cjs/react-dom-client.development.js:14526:15)
      at performWorkOnRootViaSchedulerTask (node_modules/react-dom/cjs/react-dom-client.development.js:16216:7)
      at flushActQueue (node_modules/react/cjs/react.development.js:566:34)
      at Object.<anonymous>.process.env.NODE_ENV.exports.act (node_modules/react/cjs/react.development.js:859:10)
      at node_modules/@testing-library/react/dist/act-compat.js:46:25
      at renderRoot (node_modules/@testing-library/react/dist/pure.js:189:26)
      at render (node_modules/@testing-library/react/dist/pure.js:291:10)
      at Object.<anonymous> (src/components/chatbot/__tests__/ChatDialog.test.tsx:83:11)

  console.error
    Received `true` for a non-boolean attribute `fill`.
    
    If you want to write it to the DOM, pass a string instead: fill="true" or fill={value.toString()}.

    [0m [90m 87 |[39m       [36mreturn[39m[33m;[39m
     [90m 88 |[39m     }
    [31m[1m>[22m[39m[90m 89 |[39m     originalError[33m.[39mcall(console[33m,[39m [33m...[39margs)[33m;[39m
     [90m    |[39m                   [31m[1m^[22m[39m
     [90m 90 |[39m   }[33m;[39m
     [90m 91 |[39m })[33m;[39m
     [90m 92 |[39m[0m

      at console.error (jest.setup.js:89:19)
      at validateProperty (node_modules/react-dom/cjs/react-dom-client.development.js:3078:27)
      at warnUnknownProperties (node_modules/react-dom/cjs/react-dom-client.development.js:3154:9)
      at validatePropertiesInDevelopment (node_modules/react-dom/cjs/react-dom-client.development.js:17117:9)
      at setInitialProperties (node_modules/react-dom/cjs/react-dom-client.development.js:17741:7)
      at completeWork (node_modules/react-dom/cjs/react-dom-client.development.js:11391:18)
      at runWithFiberInDEV (node_modules/react-dom/cjs/react-dom-client.development.js:1522:13)
      at completeUnitOfWork (node_modules/react-dom/cjs/react-dom-client.development.js:15268:19)
      at performUnitOfWork (node_modules/react-dom/cjs/react-dom-client.development.js:15149:11)
      at workLoopSync (node_modules/react-dom/cjs/react-dom-client.development.js:14956:41)
      at renderRootSync (node_modules/react-dom/cjs/react-dom-client.development.js:14936:11)
      at performWorkOnRoot (node_modules/react-dom/cjs/react-dom-client.development.js:14419:13)
      at performWorkOnRootViaSchedulerTask (node_modules/react-dom/cjs/react-dom-client.development.js:16216:7)
      at flushActQueue (node_modules/react/cjs/react.development.js:566:34)
      at Object.<anonymous>.process.env.NODE_ENV.exports.act (node_modules/react/cjs/react.development.js:859:10)
      at node_modules/@testing-library/react/dist/act-compat.js:46:25
      at renderRoot (node_modules/@testing-library/react/dist/pure.js:189:26)
      at render (node_modules/@testing-library/react/dist/pure.js:291:10)
      at Object.<anonymous> (src/components/chatbot/__tests__/ProductCard.test.tsx:51:11)

  console.warn
    Warning: Missing `Description` or `aria-describedby={undefined}` for {DialogContent}.

    [0m [90m 87 |[39m
     [90m 88 |[39m   it([32m'should render all messages'[39m[33m,[39m () [33m=>[39m {
    [31m[1m>[22m[39m[90m 89 |[39m     render([33m<[39m[33mChatDialog[39m {[33m...[39mdefaultProps} [33m/[39m[33m>[39m)[33m;[39m
     [90m    |[39m           [31m[1m^[22m[39m
     [90m 90 |[39m
     [90m 91 |[39m     expect(screen[33m.[39mgetByText([32m'Hello! How can I help you?'[39m))[33m.[39mtoBeInTheDocument()[33m;[39m
     [90m 92 |[39m     expect(screen[33m.[39mgetByText([32m'Show me oyster mushrooms'[39m))[33m.[39mtoBeInTheDocument()[33m;[39m[0m

      at node_modules/@radix-ui/react-dialog/src/dialog.tsx:543:36
      at Object.react-stack-bottom-frame (node_modules/react-dom/cjs/react-dom-client.development.js:23949:20)
      at runWithFiberInDEV (node_modules/react-dom/cjs/react-dom-client.development.js:1522:13)
      at commitHookEffectListMount (node_modules/react-dom/cjs/react-dom-client.development.js:11905:29)
      at commitHookPassiveMountEffects (node_modules/react-dom/cjs/react-dom-client.development.js:12028:11)
      at commitPassiveMountOnFiber (node_modules/react-dom/cjs/react-dom-client.development.js:13841:13)
      at recursivelyTraversePassiveMountEffects (node_modules/react-dom/cjs/react-dom-client.development.js:13815:11)
      at commitPassiveMountOnFiber (node_modules/react-dom/cjs/react-dom-client.development.js:13957:11)
      at recursivelyTraversePassiveMountEffects (node_modules/react-dom/cjs/react-dom-client.development.js:13815:11)
      at commitPassiveMountOnFiber (node_modules/react-dom/cjs/react-dom-client.development.js:13834:11)
      at recursivelyTraversePassiveMountEffects (node_modules/react-dom/cjs/react-dom-client.development.js:13815:11)
      at commitPassiveMountOnFiber (node_modules/react-dom/cjs/react-dom-client.development.js:13834:11)
      at recursivelyTraversePassiveMountEffects (node_modules/react-dom/cjs/react-dom-client.development.js:13815:11)
      at commitPassiveMountOnFiber (node_modules/react-dom/cjs/react-dom-client.development.js:13834:11)
      at recursivelyTraversePassiveMountEffects (node_modules/react-dom/cjs/react-dom-client.development.js:13815:11)
      at commitPassiveMountOnFiber (node_modules/react-dom/cjs/react-dom-client.development.js:13834:11)
      at recursivelyTraversePassiveMountEffects (node_modules/react-dom/cjs/react-dom-client.development.js:13815:11)
      at commitPassiveMountOnFiber (node_modules/react-dom/cjs/react-dom-client.development.js:13834:11)
      at recursivelyTraversePassiveMountEffects (node_modules/react-dom/cjs/react-dom-client.development.js:13815:11)
      at commitPassiveMountOnFiber (node_modules/react-dom/cjs/react-dom-client.development.js:13834:11)
      at recursivelyTraversePassiveMountEffects (node_modules/react-dom/cjs/react-dom-client.development.js:13815:11)
      at commitPassiveMountOnFiber (node_modules/react-dom/cjs/react-dom-client.development.js:13834:11)
      at recursivelyTraversePassiveMountEffects (node_modules/react-dom/cjs/react-dom-client.development.js:13815:11)
      at commitPassiveMountOnFiber (node_modules/react-dom/cjs/react-dom-client.development.js:13957:11)
      at recursivelyTraversePassiveMountEffects (node_modules/react-dom/cjs/react-dom-client.development.js:13815:11)
      at commitPassiveMountOnFiber (node_modules/react-dom/cjs/react-dom-client.development.js:13834:11)
      at recursivelyTraversePassiveMountEffects (node_modules/react-dom/cjs/react-dom-client.development.js:13815:11)
      at commitPassiveMountOnFiber (node_modules/react-dom/cjs/react-dom-client.development.js:13834:11)
      at recursivelyTraversePassiveMountEffects (node_modules/react-dom/cjs/react-dom-client.development.js:13815:11)
      at commitPassiveMountOnFiber (node_modules/react-dom/cjs/react-dom-client.development.js:13957:11)
      at recursivelyTraversePassiveMountEffects (node_modules/react-dom/cjs/react-dom-client.development.js:13815:11)
      at commitPassiveMountOnFiber (node_modules/react-dom/cjs/react-dom-client.development.js:13834:11)
      at recursivelyTraversePassiveMountEffects (node_modules/react-dom/cjs/react-dom-client.development.js:13815:11)
      at commitPassiveMountOnFiber (node_modules/react-dom/cjs/react-dom-client.development.js:13834:11)
      at recursivelyTraversePassiveMountEffects (node_modules/react-dom/cjs/react-dom-client.development.js:13815:11)
      at commitPassiveMountOnFiber (node_modules/react-dom/cjs/react-dom-client.development.js:13834:11)
      at recursivelyTraversePassiveMountEffects (node_modules/react-dom/cjs/react-dom-client.development.js:13815:11)
      at commitPassiveMountOnFiber (node_modules/react-dom/cjs/react-dom-client.development.js:13834:11)
      at recursivelyTraversePassiveMountEffects (node_modules/react-dom/cjs/react-dom-client.development.js:13815:11)
      at commitPassiveMountOnFiber (node_modules/react-dom/cjs/react-dom-client.development.js:13957:11)
      at recursivelyTraversePassiveMountEffects (node_modules/react-dom/cjs/react-dom-client.development.js:13815:11)
      at commitPassiveMountOnFiber (node_modules/react-dom/cjs/react-dom-client.development.js:13834:11)
      at recursivelyTraversePassiveMountEffects (node_modules/react-dom/cjs/react-dom-client.development.js:13815:11)
      at commitPassiveMountOnFiber (node_modules/react-dom/cjs/react-dom-client.development.js:13834:11)
      at recursivelyTraversePassiveMountEffects (node_modules/react-dom/cjs/react-dom-client.development.js:13815:11)
      at commitPassiveMountOnFiber (node_modules/react-dom/cjs/react-dom-client.development.js:13834:11)
      at recursivelyTraversePassiveMountEffects (node_modules/react-dom/cjs/react-dom-client.development.js:13815:11)
      at commitPassiveMountOnFiber (node_modules/react-dom/cjs/react-dom-client.development.js:13834:11)
      at recursivelyTraversePassiveMountEffects (node_modules/react-dom/cjs/react-dom-client.development.js:13815:11)
      at commitPassiveMountOnFiber (node_modules/react-dom/cjs/react-dom-client.development.js:13853:11)
      at flushPassiveEffects (node_modules/react-dom/cjs/react-dom-client.development.js:15737:9)
      at flushPendingEffects (node_modules/react-dom/cjs/react-dom-client.development.js:15702:14)
      at flushSpawnedWork (node_modules/react-dom/cjs/react-dom-client.development.js:15668:44)
      at commitRoot (node_modules/react-dom/cjs/react-dom-client.development.js:15403:9)
      at performWorkOnRoot (node_modules/react-dom/cjs/react-dom-client.development.js:14526:15)
      at performSyncWorkOnRoot (node_modules/react-dom/cjs/react-dom-client.development.js:16231:7)
      at flushSyncWorkAcrossRoots_impl (node_modules/react-dom/cjs/react-dom-client.development.js:16079:21)
      at flushSpawnedWork (node_modules/react-dom/cjs/react-dom-client.development.js:15677:9)
      at commitRoot (node_modules/react-dom/cjs/react-dom-client.development.js:15403:9)
      at performWorkOnRoot (node_modules/react-dom/cjs/react-dom-client.development.js:14526:15)
      at performWorkOnRootViaSchedulerTask (node_modules/react-dom/cjs/react-dom-client.development.js:16216:7)
      at flushActQueue (node_modules/react/cjs/react.development.js:566:34)
      at Object.<anonymous>.process.env.NODE_ENV.exports.act (node_modules/react/cjs/react.development.js:859:10)
      at node_modules/@testing-library/react/dist/act-compat.js:46:25
      at renderRoot (node_modules/@testing-library/react/dist/pure.js:189:26)
      at render (node_modules/@testing-library/react/dist/pure.js:291:10)
      at Object.<anonymous> (src/components/chatbot/__tests__/ChatDialog.test.tsx:89:11)

  console.error
    Received `true` for a non-boolean attribute `fill`.
    
    If you want to write it to the DOM, pass a string instead: fill="true" or fill={value.toString()}.

    [0m [90m 87 |[39m       [36mreturn[39m[33m;[39m
     [90m 88 |[39m     }
    [31m[1m>[22m[39m[90m 89 |[39m     originalError[33m.[39mcall(console[33m,[39m [33m...[39margs)[33m;[39m
     [90m    |[39m                   [31m[1m^[22m[39m
     [90m 90 |[39m   }[33m;[39m
     [90m 91 |[39m })[33m;[39m
     [90m 92 |[39m[0m

      at console.error (jest.setup.js:89:19)
      at validateProperty (node_modules/react-dom/cjs/react-dom-client.development.js:3078:27)
      at warnUnknownProperties (node_modules/react-dom/cjs/react-dom-client.development.js:3154:9)
      at validatePropertiesInDevelopment (node_modules/react-dom/cjs/react-dom-client.development.js:17117:9)
      at setInitialProperties (node_modules/react-dom/cjs/react-dom-client.development.js:17741:7)
      at completeWork (node_modules/react-dom/cjs/react-dom-client.development.js:11391:18)
      at runWithFiberInDEV (node_modules/react-dom/cjs/react-dom-client.development.js:1522:13)
      at completeUnitOfWork (node_modules/react-dom/cjs/react-dom-client.development.js:15268:19)
      at performUnitOfWork (node_modules/react-dom/cjs/react-dom-client.development.js:15149:11)
      at workLoopSync (node_modules/react-dom/cjs/react-dom-client.development.js:14956:41)
      at renderRootSync (node_modules/react-dom/cjs/react-dom-client.development.js:14936:11)
      at performWorkOnRoot (node_modules/react-dom/cjs/react-dom-client.development.js:14419:13)
      at performSyncWorkOnRoot (node_modules/react-dom/cjs/react-dom-client.development.js:16231:7)
      at flushSyncWorkAcrossRoots_impl (node_modules/react-dom/cjs/react-dom-client.development.js:16079:21)
      at flushSpawnedWork (node_modules/react-dom/cjs/react-dom-client.development.js:15677:9)
      at commitRoot (node_modules/react-dom/cjs/react-dom-client.development.js:15403:9)
      at performWorkOnRoot (node_modules/react-dom/cjs/react-dom-client.development.js:14526:15)
      at performWorkOnRootViaSchedulerTask (node_modules/react-dom/cjs/react-dom-client.development.js:16216:7)
      at flushActQueue (node_modules/react/cjs/react.development.js:566:34)
      at Object.<anonymous>.process.env.NODE_ENV.exports.act (node_modules/react/cjs/react.development.js:859:10)
      at node_modules/@testing-library/react/dist/act-compat.js:46:25
      at renderRoot (node_modules/@testing-library/react/dist/pure.js:189:26)
      at render (node_modules/@testing-library/react/dist/pure.js:291:10)
      at Object.<anonymous> (src/components/chatbot/__tests__/ChatDialog.test.tsx:100:11)

PASS AI Chatbot System src/components/chatbot/__tests__/ProductCard.test.tsx
  ProductCard
    ΓêÜ should render product card with all data (285 ms)
    ΓêÜ should display price in PHP format (37 ms)
    ΓêÜ should show "In Stock" badge when product is available (17 ms)
    ΓêÜ should show "Out of Stock" badge when product is unavailable (25 ms)
    ΓêÜ should navigate to product page when clicked (69 ms)
    ΓêÜ should call onAddToCart when Add to Cart button clicked (49 ms)
    ΓêÜ should disable Add to Cart button when out of stock (16 ms)
    ΓêÜ should display relevance score when > 0 (29 ms)
    ΓêÜ should display tags (21 ms)
    ΓêÜ should display matched fields (20 ms)
    ΓêÜ should render product image (20 ms)

  console.warn
    Warning: Missing `Description` or `aria-describedby={undefined}` for {DialogContent}.

    [0m [90m  98 |[39m     }[33m;[39m
     [90m  99 |[39m
    [31m[1m>[22m[39m[90m 100 |[39m     render(
     [90m     |[39m           [31m[1m^[22m[39m
     [90m 101 |[39m       [33m<[39m[33mChatDialog[39m
     [90m 102 |[39m         {[33m...[39mdefaultProps}
     [90m 103 |[39m         productCardsByMessageId[33m=[39m{productCardsByMessageId}[0m

      at node_modules/@radix-ui/react-dialog/src/dialog.tsx:543:36
      at Object.react-stack-bottom-frame (node_modules/react-dom/cjs/react-dom-client.development.js:23949:20)
      at runWithFiberInDEV (node_modules/react-dom/cjs/react-dom-client.development.js:1522:13)
      at commitHookEffectListMount (node_modules/react-dom/cjs/react-dom-client.development.js:11905:29)
      at commitHookPassiveMountEffects (node_modules/react-dom/cjs/react-dom-client.development.js:12028:11)
      at commitPassiveMountOnFiber (node_modules/react-dom/cjs/react-dom-client.development.js:13841:13)
      at recursivelyTraversePassiveMountEffects (node_modules/react-dom/cjs/react-dom-client.development.js:13815:11)
      at commitPassiveMountOnFiber (node_modules/react-dom/cjs/react-dom-client.development.js:13957:11)
      at recursivelyTraversePassiveMountEffects (node_modules/react-dom/cjs/react-dom-client.development.js:13815:11)
      at commitPassiveMountOnFiber (node_modules/react-dom/cjs/react-dom-client.development.js:13834:11)
      at recursivelyTraversePassiveMountEffects (node_modules/react-dom/cjs/react-dom-client.development.js:13815:11)
      at commitPassiveMountOnFiber (node_modules/react-dom/cjs/react-dom-client.development.js:13834:11)
      at recursivelyTraversePassiveMountEffects (node_modules/react-dom/cjs/react-dom-client.development.js:13815:11)
      at commitPassiveMountOnFiber (node_modules/react-dom/cjs/react-dom-client.development.js:13834:11)
      at recursivelyTraversePassiveMountEffects (node_modules/react-dom/cjs/react-dom-client.development.js:13815:11)
      at commitPassiveMountOnFiber (node_modules/react-dom/cjs/react-dom-client.development.js:13834:11)
      at recursivelyTraversePassiveMountEffects (node_modules/react-dom/cjs/react-dom-client.development.js:13815:11)
      at commitPassiveMountOnFiber (node_modules/react-dom/cjs/react-dom-client.development.js:13834:11)
      at recursivelyTraversePassiveMountEffects (node_modules/react-dom/cjs/react-dom-client.development.js:13815:11)
      at commitPassiveMountOnFiber (node_modules/react-dom/cjs/react-dom-client.development.js:13834:11)
      at recursivelyTraversePassiveMountEffects (node_modules/react-dom/cjs/react-dom-client.development.js:13815:11)
      at commitPassiveMountOnFiber (node_modules/react-dom/cjs/react-dom-client.development.js:13834:11)
      at recursivelyTraversePassiveMountEffects (node_modules/react-dom/cjs/react-dom-client.development.js:13815:11)
      at commitPassiveMountOnFiber (node_modules/react-dom/cjs/react-dom-client.development.js:13957:11)
      at recursivelyTraversePassiveMountEffects (node_modules/react-dom/cjs/react-dom-client.development.js:13815:11)
      at commitPassiveMountOnFiber (node_modules/react-dom/cjs/react-dom-client.development.js:13834:11)
      at recursivelyTraversePassiveMountEffects (node_modules/react-dom/cjs/react-dom-client.development.js:13815:11)
      at commitPassiveMountOnFiber (node_modules/react-dom/cjs/react-dom-client.development.js:13834:11)
      at recursivelyTraversePassiveMountEffects (node_modules/react-dom/cjs/react-dom-client.development.js:13815:11)
      at commitPassiveMountOnFiber (node_modules/react-dom/cjs/react-dom-client.development.js:13957:11)
      at recursivelyTraversePassiveMountEffects (node_modules/react-dom/cjs/react-dom-client.development.js:13815:11)
      at commitPassiveMountOnFiber (node_modules/react-dom/cjs/react-dom-client.development.js:13834:11)
      at recursivelyTraversePassiveMountEffects (node_modules/react-dom/cjs/react-dom-client.development.js:13815:11)
      at commitPassiveMountOnFiber (node_modules/react-dom/cjs/react-dom-client.development.js:13834:11)
      at recursivelyTraversePassiveMountEffects (node_modules/react-dom/cjs/react-dom-client.development.js:13815:11)
      at commitPassiveMountOnFiber (node_modules/react-dom/cjs/react-dom-client.development.js:13834:11)
      at recursivelyTraversePassiveMountEffects (node_modules/react-dom/cjs/react-dom-client.development.js:13815:11)
      at commitPassiveMountOnFiber (node_modules/react-dom/cjs/react-dom-client.development.js:13834:11)
      at recursivelyTraversePassiveMountEffects (node_modules/react-dom/cjs/react-dom-client.development.js:13815:11)
      at commitPassiveMountOnFiber (node_modules/react-dom/cjs/react-dom-client.development.js:13957:11)
      at recursivelyTraversePassiveMountEffects (node_modules/react-dom/cjs/react-dom-client.development.js:13815:11)
      at commitPassiveMountOnFiber (node_modules/react-dom/cjs/react-dom-client.development.js:13834:11)
      at recursivelyTraversePassiveMountEffects (node_modules/react-dom/cjs/react-dom-client.development.js:13815:11)
      at commitPassiveMountOnFiber (node_modules/react-dom/cjs/react-dom-client.development.js:13834:11)
      at recursivelyTraversePassiveMountEffects (node_modules/react-dom/cjs/react-dom-client.development.js:13815:11)
      at commitPassiveMountOnFiber (node_modules/react-dom/cjs/react-dom-client.development.js:13834:11)
      at recursivelyTraversePassiveMountEffects (node_modules/react-dom/cjs/react-dom-client.development.js:13815:11)
      at commitPassiveMountOnFiber (node_modules/react-dom/cjs/react-dom-client.development.js:13834:11)
      at recursivelyTraversePassiveMountEffects (node_modules/react-dom/cjs/react-dom-client.development.js:13815:11)
      at commitPassiveMountOnFiber (node_modules/react-dom/cjs/react-dom-client.development.js:13853:11)
      at flushPassiveEffects (node_modules/react-dom/cjs/react-dom-client.development.js:15737:9)
      at flushPendingEffects (node_modules/react-dom/cjs/react-dom-client.development.js:15702:14)
      at flushSpawnedWork (node_modules/react-dom/cjs/react-dom-client.development.js:15668:44)
      at commitRoot (node_modules/react-dom/cjs/react-dom-client.development.js:15403:9)
      at performWorkOnRoot (node_modules/react-dom/cjs/react-dom-client.development.js:14526:15)
      at performSyncWorkOnRoot (node_modules/react-dom/cjs/react-dom-client.development.js:16231:7)
      at flushSyncWorkAcrossRoots_impl (node_modules/react-dom/cjs/react-dom-client.development.js:16079:21)
      at flushSpawnedWork (node_modules/react-dom/cjs/react-dom-client.development.js:15677:9)
      at commitRoot (node_modules/react-dom/cjs/react-dom-client.development.js:15403:9)
      at performWorkOnRoot (node_modules/react-dom/cjs/react-dom-client.development.js:14526:15)
      at performWorkOnRootViaSchedulerTask (node_modules/react-dom/cjs/react-dom-client.development.js:16216:7)
      at flushActQueue (node_modules/react/cjs/react.development.js:566:34)
      at Object.<anonymous>.process.env.NODE_ENV.exports.act (node_modules/react/cjs/react.development.js:859:10)
      at node_modules/@testing-library/react/dist/act-compat.js:46:25
      at renderRoot (node_modules/@testing-library/react/dist/pure.js:189:26)
      at render (node_modules/@testing-library/react/dist/pure.js:291:10)
      at Object.<anonymous> (src/components/chatbot/__tests__/ChatDialog.test.tsx:100:11)

  console.warn
    Warning: Missing `Description` or `aria-describedby={undefined}` for {DialogContent}.

    [0m [90m 109 |[39m
     [90m 110 |[39m   it([32m'should show empty state when no messages'[39m[33m,[39m () [33m=>[39m {
    [31m[1m>[22m[39m[90m 111 |[39m     render([33m<[39m[33mChatDialog[39m {[33m...[39mdefaultProps} messages[33m=[39m{[]} [33m/[39m[33m>[39m)[33m;[39m
     [90m     |[39m           [31m[1m^[22m[39m
     [90m 112 |[39m
     [90m 113 |[39m     expect(screen[33m.[39mgetByText([32m'No messages yet. Start by asking about mushrooms!'[39m))[33m.[39mtoBeInTheDocument()[33m;[39m
     [90m 114 |[39m   })[33m;[39m[0m

      at node_modules/@radix-ui/react-dialog/src/dialog.tsx:543:36
      at Object.react-stack-bottom-frame (node_modules/react-dom/cjs/react-dom-client.development.js:23949:20)
      at runWithFiberInDEV (node_modules/react-dom/cjs/react-dom-client.development.js:1522:13)
      at commitHookEffectListMount (node_modules/react-dom/cjs/react-dom-client.development.js:11905:29)
      at commitHookPassiveMountEffects (node_modules/react-dom/cjs/react-dom-client.development.js:12028:11)
      at commitPassiveMountOnFiber (node_modules/react-dom/cjs/react-dom-client.development.js:13841:13)
      at recursivelyTraversePassiveMountEffects (node_modules/react-dom/cjs/react-dom-client.development.js:13815:11)
      at commitPassiveMountOnFiber (node_modules/react-dom/cjs/react-dom-client.development.js:13957:11)
      at recursivelyTraversePassiveMountEffects (node_modules/react-dom/cjs/react-dom-client.development.js:13815:11)
      at commitPassiveMountOnFiber (node_modules/react-dom/cjs/react-dom-client.development.js:13834:11)
      at recursivelyTraversePassiveMountEffects (node_modules/react-dom/cjs/react-dom-client.development.js:13815:11)
      at commitPassiveMountOnFiber (node_modules/react-dom/cjs/react-dom-client.development.js:13834:11)
      at recursivelyTraversePassiveMountEffects (node_modules/react-dom/cjs/react-dom-client.development.js:13815:11)
      at commitPassiveMountOnFiber (node_modules/react-dom/cjs/react-dom-client.development.js:13834:11)
      at recursivelyTraversePassiveMountEffects (node_modules/react-dom/cjs/react-dom-client.development.js:13815:11)
      at commitPassiveMountOnFiber (node_modules/react-dom/cjs/react-dom-client.development.js:13834:11)
      at recursivelyTraversePassiveMountEffects (node_modules/react-dom/cjs/react-dom-client.development.js:13815:11)
      at commitPassiveMountOnFiber (node_modules/react-dom/cjs/react-dom-client.development.js:13834:11)
      at recursivelyTraversePassiveMountEffects (node_modules/react-dom/cjs/react-dom-client.development.js:13815:11)
      at commitPassiveMountOnFiber (node_modules/react-dom/cjs/react-dom-client.development.js:13834:11)
      at recursivelyTraversePassiveMountEffects (node_modules/react-dom/cjs/react-dom-client.development.js:13815:11)
      at commitPassiveMountOnFiber (node_modules/react-dom/cjs/react-dom-client.development.js:13834:11)
      at recursivelyTraversePassiveMountEffects (node_modules/react-dom/cjs/react-dom-client.development.js:13815:11)
      at commitPassiveMountOnFiber (node_modules/react-dom/cjs/react-dom-client.development.js:13957:11)
      at recursivelyTraversePassiveMountEffects (node_modules/react-dom/cjs/react-dom-client.development.js:13815:11)
      at commitPassiveMountOnFiber (node_modules/react-dom/cjs/react-dom-client.development.js:13834:11)
      at recursivelyTraversePassiveMountEffects (node_modules/react-dom/cjs/react-dom-client.development.js:13815:11)
      at commitPassiveMountOnFiber (node_modules/react-dom/cjs/react-dom-client.development.js:13834:11)
      at recursivelyTraversePassiveMountEffects (node_modules/react-dom/cjs/react-dom-client.development.js:13815:11)
      at commitPassiveMountOnFiber (node_modules/react-dom/cjs/react-dom-client.development.js:13957:11)
      at recursivelyTraversePassiveMountEffects (node_modules/react-dom/cjs/react-dom-client.development.js:13815:11)
      at commitPassiveMountOnFiber (node_modules/react-dom/cjs/react-dom-client.development.js:13834:11)
      at recursivelyTraversePassiveMountEffects (node_modules/react-dom/cjs/react-dom-client.development.js:13815:11)
      at commitPassiveMountOnFiber (node_modules/react-dom/cjs/react-dom-client.development.js:13834:11)
      at recursivelyTraversePassiveMountEffects (node_modules/react-dom/cjs/react-dom-client.development.js:13815:11)
      at commitPassiveMountOnFiber (node_modules/react-dom/cjs/react-dom-client.development.js:13834:11)
      at recursivelyTraversePassiveMountEffects (node_modules/react-dom/cjs/react-dom-client.development.js:13815:11)
      at commitPassiveMountOnFiber (node_modules/react-dom/cjs/react-dom-client.development.js:13834:11)
      at recursivelyTraversePassiveMountEffects (node_modules/react-dom/cjs/react-dom-client.development.js:13815:11)
      at commitPassiveMountOnFiber (node_modules/react-dom/cjs/react-dom-client.development.js:13957:11)
      at recursivelyTraversePassiveMountEffects (node_modules/react-dom/cjs/react-dom-client.development.js:13815:11)
      at commitPassiveMountOnFiber (node_modules/react-dom/cjs/react-dom-client.development.js:13834:11)
      at recursivelyTraversePassiveMountEffects (node_modules/react-dom/cjs/react-dom-client.development.js:13815:11)
      at commitPassiveMountOnFiber (node_modules/react-dom/cjs/react-dom-client.development.js:13834:11)
      at recursivelyTraversePassiveMountEffects (node_modules/react-dom/cjs/react-dom-client.development.js:13815:11)
      at commitPassiveMountOnFiber (node_modules/react-dom/cjs/react-dom-client.development.js:13834:11)
      at recursivelyTraversePassiveMountEffects (node_modules/react-dom/cjs/react-dom-client.development.js:13815:11)
      at commitPassiveMountOnFiber (node_modules/react-dom/cjs/react-dom-client.development.js:13834:11)
      at recursivelyTraversePassiveMountEffects (node_modules/react-dom/cjs/react-dom-client.development.js:13815:11)
      at commitPassiveMountOnFiber (node_modules/react-dom/cjs/react-dom-client.development.js:13853:11)
      at flushPassiveEffects (node_modules/react-dom/cjs/react-dom-client.development.js:15737:9)
      at flushPendingEffects (node_modules/react-dom/cjs/react-dom-client.development.js:15702:14)
      at flushSpawnedWork (node_modules/react-dom/cjs/react-dom-client.development.js:15668:44)
      at commitRoot (node_modules/react-dom/cjs/react-dom-client.development.js:15403:9)
      at performWorkOnRoot (node_modules/react-dom/cjs/react-dom-client.development.js:14526:15)
      at performSyncWorkOnRoot (node_modules/react-dom/cjs/react-dom-client.development.js:16231:7)
      at flushSyncWorkAcrossRoots_impl (node_modules/react-dom/cjs/react-dom-client.development.js:16079:21)
      at flushSpawnedWork (node_modules/react-dom/cjs/react-dom-client.development.js:15677:9)
      at commitRoot (node_modules/react-dom/cjs/react-dom-client.development.js:15403:9)
      at performWorkOnRoot (node_modules/react-dom/cjs/react-dom-client.development.js:14526:15)
      at performWorkOnRootViaSchedulerTask (node_modules/react-dom/cjs/react-dom-client.development.js:16216:7)
      at flushActQueue (node_modules/react/cjs/react.development.js:566:34)
      at Object.<anonymous>.process.env.NODE_ENV.exports.act (node_modules/react/cjs/react.development.js:859:10)
      at node_modules/@testing-library/react/dist/act-compat.js:46:25
      at renderRoot (node_modules/@testing-library/react/dist/pure.js:189:26)
      at render (node_modules/@testing-library/react/dist/pure.js:291:10)
      at Object.<anonymous> (src/components/chatbot/__tests__/ChatDialog.test.tsx:111:11)

  console.warn
    Warning: Missing `Description` or `aria-describedby={undefined}` for {DialogContent}.

    [0m [90m 116 |[39m   it([32m'should call onSendMessage when message sent'[39m[33m,[39m [36masync[39m () [33m=>[39m {
     [90m 117 |[39m     [36mconst[39m handleSend [33m=[39m jest[33m.[39mfn()[33m;[39m
    [31m[1m>[22m[39m[90m 118 |[39m     render([33m<[39m[33mChatDialog[39m {[33m...[39mdefaultProps} onSendMessage[33m=[39m{handleSend} [33m/[39m[33m>[39m)[33m;[39m
     [90m     |[39m           [31m[1m^[22m[39m
     [90m 119 |[39m
     [90m 120 |[39m     [36mconst[39m input [33m=[39m screen[33m.[39mgetByTestId([32m'chat-input-textarea'[39m)[33m;[39m
     [90m 121 |[39m     [36mconst[39m sendButton [33m=[39m screen[33m.[39mgetByTestId([32m'chat-input-send-button'[39m)[33m;[39m[0m

      at node_modules/@radix-ui/react-dialog/src/dialog.tsx:543:36
      at Object.react-stack-bottom-frame (node_modules/react-dom/cjs/react-dom-client.development.js:23949:20)
      at runWithFiberInDEV (node_modules/react-dom/cjs/react-dom-client.development.js:1522:13)
      at commitHookEffectListMount (node_modules/react-dom/cjs/react-dom-client.development.js:11905:29)
      at commitHookPassiveMountEffects (node_modules/react-dom/cjs/react-dom-client.development.js:12028:11)
      at commitPassiveMountOnFiber (node_modules/react-dom/cjs/react-dom-client.development.js:13841:13)
      at recursivelyTraversePassiveMountEffects (node_modules/react-dom/cjs/react-dom-client.development.js:13815:11)
      at commitPassiveMountOnFiber (node_modules/react-dom/cjs/react-dom-client.development.js:13957:11)
      at recursivelyTraversePassiveMountEffects (node_modules/react-dom/cjs/react-dom-client.development.js:13815:11)
      at commitPassiveMountOnFiber (node_modules/react-dom/cjs/react-dom-client.development.js:13834:11)
      at recursivelyTraversePassiveMountEffects (node_modules/react-dom/cjs/react-dom-client.development.js:13815:11)
      at commitPassiveMountOnFiber (node_modules/react-dom/cjs/react-dom-client.development.js:13834:11)
      at recursivelyTraversePassiveMountEffects (node_modules/react-dom/cjs/react-dom-client.development.js:13815:11)
      at commitPassiveMountOnFiber (node_modules/react-dom/cjs/react-dom-client.development.js:13834:11)
      at recursivelyTraversePassiveMountEffects (node_modules/react-dom/cjs/react-dom-client.development.js:13815:11)
      at commitPassiveMountOnFiber (node_modules/react-dom/cjs/react-dom-client.development.js:13834:11)
      at recursivelyTraversePassiveMountEffects (node_modules/react-dom/cjs/react-dom-client.development.js:13815:11)
      at commitPassiveMountOnFiber (node_modules/react-dom/cjs/react-dom-client.development.js:13834:11)
      at recursivelyTraversePassiveMountEffects (node_modules/react-dom/cjs/react-dom-client.development.js:13815:11)
      at commitPassiveMountOnFiber (node_modules/react-dom/cjs/react-dom-client.development.js:13834:11)
      at recursivelyTraversePassiveMountEffects (node_modules/react-dom/cjs/react-dom-client.development.js:13815:11)
      at commitPassiveMountOnFiber (node_modules/react-dom/cjs/react-dom-client.development.js:13834:11)
      at recursivelyTraversePassiveMountEffects (node_modules/react-dom/cjs/react-dom-client.development.js:13815:11)
      at commitPassiveMountOnFiber (node_modules/react-dom/cjs/react-dom-client.development.js:13957:11)
      at recursivelyTraversePassiveMountEffects (node_modules/react-dom/cjs/react-dom-client.development.js:13815:11)
      at commitPassiveMountOnFiber (node_modules/react-dom/cjs/react-dom-client.development.js:13834:11)
      at recursivelyTraversePassiveMountEffects (node_modules/react-dom/cjs/react-dom-client.development.js:13815:11)
      at commitPassiveMountOnFiber (node_modules/react-dom/cjs/react-dom-client.development.js:13834:11)
      at recursivelyTraversePassiveMountEffects (node_modules/react-dom/cjs/react-dom-client.development.js:13815:11)
      at commitPassiveMountOnFiber (node_modules/react-dom/cjs/react-dom-client.development.js:13957:11)
      at recursivelyTraversePassiveMountEffects (node_modules/react-dom/cjs/react-dom-client.development.js:13815:11)
      at commitPassiveMountOnFiber (node_modules/react-dom/cjs/react-dom-client.development.js:13834:11)
      at recursivelyTraversePassiveMountEffects (node_modules/react-dom/cjs/react-dom-client.development.js:13815:11)
      at commitPassiveMountOnFiber (node_modules/react-dom/cjs/react-dom-client.development.js:13834:11)
      at recursivelyTraversePassiveMountEffects (node_modules/react-dom/cjs/react-dom-client.development.js:13815:11)
      at commitPassiveMountOnFiber (node_modules/react-dom/cjs/react-dom-client.development.js:13834:11)
      at recursivelyTraversePassiveMountEffects (node_modules/react-dom/cjs/react-dom-client.development.js:13815:11)
      at commitPassiveMountOnFiber (node_modules/react-dom/cjs/react-dom-client.development.js:13834:11)
      at recursivelyTraversePassiveMountEffects (node_modules/react-dom/cjs/react-dom-client.development.js:13815:11)
      at commitPassiveMountOnFiber (node_modules/react-dom/cjs/react-dom-client.development.js:13957:11)
      at recursivelyTraversePassiveMountEffects (node_modules/react-dom/cjs/react-dom-client.development.js:13815:11)
      at commitPassiveMountOnFiber (node_modules/react-dom/cjs/react-dom-client.development.js:13834:11)
      at recursivelyTraversePassiveMountEffects (node_modules/react-dom/cjs/react-dom-client.development.js:13815:11)
      at commitPassiveMountOnFiber (node_modules/react-dom/cjs/react-dom-client.development.js:13834:11)
      at recursivelyTraversePassiveMountEffects (node_modules/react-dom/cjs/react-dom-client.development.js:13815:11)
      at commitPassiveMountOnFiber (node_modules/react-dom/cjs/react-dom-client.development.js:13834:11)
      at recursivelyTraversePassiveMountEffects (node_modules/react-dom/cjs/react-dom-client.development.js:13815:11)
      at commitPassiveMountOnFiber (node_modules/react-dom/cjs/react-dom-client.development.js:13834:11)
      at recursivelyTraversePassiveMountEffects (node_modules/react-dom/cjs/react-dom-client.development.js:13815:11)
      at commitPassiveMountOnFiber (node_modules/react-dom/cjs/react-dom-client.development.js:13853:11)
      at flushPassiveEffects (node_modules/react-dom/cjs/react-dom-client.development.js:15737:9)
      at flushPendingEffects (node_modules/react-dom/cjs/react-dom-client.development.js:15702:14)
      at flushSpawnedWork (node_modules/react-dom/cjs/react-dom-client.development.js:15668:44)
      at commitRoot (node_modules/react-dom/cjs/react-dom-client.development.js:15403:9)
      at performWorkOnRoot (node_modules/react-dom/cjs/react-dom-client.development.js:14526:15)
      at performSyncWorkOnRoot (node_modules/react-dom/cjs/react-dom-client.development.js:16231:7)
      at flushSyncWorkAcrossRoots_impl (node_modules/react-dom/cjs/react-dom-client.development.js:16079:21)
      at flushSpawnedWork (node_modules/react-dom/cjs/react-dom-client.development.js:15677:9)
      at commitRoot (node_modules/react-dom/cjs/react-dom-client.development.js:15403:9)
      at performWorkOnRoot (node_modules/react-dom/cjs/react-dom-client.development.js:14526:15)
      at performWorkOnRootViaSchedulerTask (node_modules/react-dom/cjs/react-dom-client.development.js:16216:7)
      at flushActQueue (node_modules/react/cjs/react.development.js:566:34)
      at Object.<anonymous>.process.env.NODE_ENV.exports.act (node_modules/react/cjs/react.development.js:859:10)
      at node_modules/@testing-library/react/dist/act-compat.js:46:25
      at renderRoot (node_modules/@testing-library/react/dist/pure.js:189:26)
      at render (node_modules/@testing-library/react/dist/pure.js:291:10)
      at Object.<anonymous> (src/components/chatbot/__tests__/ChatDialog.test.tsx:118:11)

  console.warn
    Warning: Missing `Description` or `aria-describedby={undefined}` for {DialogContent}.

    [0m [90m 129 |[39m   it([32m'should call onClearHistory when clear button clicked'[39m[33m,[39m () [33m=>[39m {
     [90m 130 |[39m     [36mconst[39m handleClear [33m=[39m jest[33m.[39mfn()[33m;[39m
    [31m[1m>[22m[39m[90m 131 |[39m     render([33m<[39m[33mChatDialog[39m {[33m...[39mdefaultProps} onClearHistory[33m=[39m{handleClear} [33m/[39m[33m>[39m)[33m;[39m
     [90m     |[39m           [31m[1m^[22m[39m
     [90m 132 |[39m
     [90m 133 |[39m     [36mconst[39m clearButton [33m=[39m screen[33m.[39mgetByTestId([32m'clear-history-button'[39m)[33m;[39m
     [90m 134 |[39m     fireEvent[33m.[39mclick(clearButton)[33m;[39m[0m

      at node_modules/@radix-ui/react-dialog/src/dialog.tsx:543:36
      at Object.react-stack-bottom-frame (node_modules/react-dom/cjs/react-dom-client.development.js:23949:20)
      at runWithFiberInDEV (node_modules/react-dom/cjs/react-dom-client.development.js:1522:13)
      at commitHookEffectListMount (node_modules/react-dom/cjs/react-dom-client.development.js:11905:29)
      at commitHookPassiveMountEffects (node_modules/react-dom/cjs/react-dom-client.development.js:12028:11)
      at commitPassiveMountOnFiber (node_modules/react-dom/cjs/react-dom-client.development.js:13841:13)
      at recursivelyTraversePassiveMountEffects (node_modules/react-dom/cjs/react-dom-client.development.js:13815:11)
      at commitPassiveMountOnFiber (node_modules/react-dom/cjs/react-dom-client.development.js:13957:11)
      at recursivelyTraversePassiveMountEffects (node_modules/react-dom/cjs/react-dom-client.development.js:13815:11)
      at commitPassiveMountOnFiber (node_modules/react-dom/cjs/react-dom-client.development.js:13834:11)
      at recursivelyTraversePassiveMountEffects (node_modules/react-dom/cjs/react-dom-client.development.js:13815:11)
      at commitPassiveMountOnFiber (node_modules/react-dom/cjs/react-dom-client.development.js:13834:11)
      at recursivelyTraversePassiveMountEffects (node_modules/react-dom/cjs/react-dom-client.development.js:13815:11)
      at commitPassiveMountOnFiber (node_modules/react-dom/cjs/react-dom-client.development.js:13834:11)
      at recursivelyTraversePassiveMountEffects (node_modules/react-dom/cjs/react-dom-client.development.js:13815:11)
      at commitPassiveMountOnFiber (node_modules/react-dom/cjs/react-dom-client.development.js:13834:11)
      at recursivelyTraversePassiveMountEffects (node_modules/react-dom/cjs/react-dom-client.development.js:13815:11)
      at commitPassiveMountOnFiber (node_modules/react-dom/cjs/react-dom-client.development.js:13834:11)
      at recursivelyTraversePassiveMountEffects (node_modules/react-dom/cjs/react-dom-client.development.js:13815:11)
      at commitPassiveMountOnFiber (node_modules/react-dom/cjs/react-dom-client.development.js:13834:11)
      at recursivelyTraversePassiveMountEffects (node_modules/react-dom/cjs/react-dom-client.development.js:13815:11)
      at commitPassiveMountOnFiber (node_modules/react-dom/cjs/react-dom-client.development.js:13834:11)
      at recursivelyTraversePassiveMountEffects (node_modules/react-dom/cjs/react-dom-client.development.js:13815:11)
      at commitPassiveMountOnFiber (node_modules/react-dom/cjs/react-dom-client.development.js:13957:11)
      at recursivelyTraversePassiveMountEffects (node_modules/react-dom/cjs/react-dom-client.development.js:13815:11)
      at commitPassiveMountOnFiber (node_modules/react-dom/cjs/react-dom-client.development.js:13834:11)
      at recursivelyTraversePassiveMountEffects (node_modules/react-dom/cjs/react-dom-client.development.js:13815:11)
      at commitPassiveMountOnFiber (node_modules/react-dom/cjs/react-dom-client.development.js:13834:11)
      at recursivelyTraversePassiveMountEffects (node_modules/react-dom/cjs/react-dom-client.development.js:13815:11)
      at commitPassiveMountOnFiber (node_modules/react-dom/cjs/react-dom-client.development.js:13957:11)
      at recursivelyTraversePassiveMountEffects (node_modules/react-dom/cjs/react-dom-client.development.js:13815:11)
      at commitPassiveMountOnFiber (node_modules/react-dom/cjs/react-dom-client.development.js:13834:11)
      at recursivelyTraversePassiveMountEffects (node_modules/react-dom/cjs/react-dom-client.development.js:13815:11)
      at commitPassiveMountOnFiber (node_modules/react-dom/cjs/react-dom-client.development.js:13834:11)
      at recursivelyTraversePassiveMountEffects (node_modules/react-dom/cjs/react-dom-client.development.js:13815:11)
      at commitPassiveMountOnFiber (node_modules/react-dom/cjs/react-dom-client.development.js:13834:11)
      at recursivelyTraversePassiveMountEffects (node_modules/react-dom/cjs/react-dom-client.development.js:13815:11)
      at commitPassiveMountOnFiber (node_modules/react-dom/cjs/react-dom-client.development.js:13834:11)
      at recursivelyTraversePassiveMountEffects (node_modules/react-dom/cjs/react-dom-client.development.js:13815:11)
      at commitPassiveMountOnFiber (node_modules/react-dom/cjs/react-dom-client.development.js:13957:11)
      at recursivelyTraversePassiveMountEffects (node_modules/react-dom/cjs/react-dom-client.development.js:13815:11)
      at commitPassiveMountOnFiber (node_modules/react-dom/cjs/react-dom-client.development.js:13834:11)
      at recursivelyTraversePassiveMountEffects (node_modules/react-dom/cjs/react-dom-client.development.js:13815:11)
      at commitPassiveMountOnFiber (node_modules/react-dom/cjs/react-dom-client.development.js:13834:11)
      at recursivelyTraversePassiveMountEffects (node_modules/react-dom/cjs/react-dom-client.development.js:13815:11)
      at commitPassiveMountOnFiber (node_modules/react-dom/cjs/react-dom-client.development.js:13834:11)
      at recursivelyTraversePassiveMountEffects (node_modules/react-dom/cjs/react-dom-client.development.js:13815:11)
      at commitPassiveMountOnFiber (node_modules/react-dom/cjs/react-dom-client.development.js:13834:11)
      at recursivelyTraversePassiveMountEffects (node_modules/react-dom/cjs/react-dom-client.development.js:13815:11)
      at commitPassiveMountOnFiber (node_modules/react-dom/cjs/react-dom-client.development.js:13853:11)
      at flushPassiveEffects (node_modules/react-dom/cjs/react-dom-client.development.js:15737:9)
      at flushPendingEffects (node_modules/react-dom/cjs/react-dom-client.development.js:15702:14)
      at flushSpawnedWork (node_modules/react-dom/cjs/react-dom-client.development.js:15668:44)
      at commitRoot (node_modules/react-dom/cjs/react-dom-client.development.js:15403:9)
      at performWorkOnRoot (node_modules/react-dom/cjs/react-dom-client.development.js:14526:15)
      at performSyncWorkOnRoot (node_modules/react-dom/cjs/react-dom-client.development.js:16231:7)
      at flushSyncWorkAcrossRoots_impl (node_modules/react-dom/cjs/react-dom-client.development.js:16079:21)
      at flushSpawnedWork (node_modules/react-dom/cjs/react-dom-client.development.js:15677:9)
      at commitRoot (node_modules/react-dom/cjs/react-dom-client.development.js:15403:9)
      at performWorkOnRoot (node_modules/react-dom/cjs/react-dom-client.development.js:14526:15)
      at performWorkOnRootViaSchedulerTask (node_modules/react-dom/cjs/react-dom-client.development.js:16216:7)
      at flushActQueue (node_modules/react/cjs/react.development.js:566:34)
      at Object.<anonymous>.process.env.NODE_ENV.exports.act (node_modules/react/cjs/react.development.js:859:10)
      at node_modules/@testing-library/react/dist/act-compat.js:46:25
      at renderRoot (node_modules/@testing-library/react/dist/pure.js:189:26)
      at render (node_modules/@testing-library/react/dist/pure.js:291:10)
      at Object.<anonymous> (src/components/chatbot/__tests__/ChatDialog.test.tsx:131:11)

  console.warn
    Warning: Missing `Description` or `aria-describedby={undefined}` for {DialogContent}.

    [0m [90m 138 |[39m
     [90m 139 |[39m   it([32m'should disable clear button when no messages'[39m[33m,[39m () [33m=>[39m {
    [31m[1m>[22m[39m[90m 140 |[39m     render([33m<[39m[33mChatDialog[39m {[33m...[39mdefaultProps} messages[33m=[39m{[]} [33m/[39m[33m>[39m)[33m;[39m
     [90m     |[39m           [31m[1m^[22m[39m
     [90m 141 |[39m
     [90m 142 |[39m     [36mconst[39m clearButton [33m=[39m screen[33m.[39mgetByTestId([32m'clear-history-button'[39m)[33m;[39m
     [90m 143 |[39m     expect(clearButton)[33m.[39mtoBeDisabled()[33m;[39m[0m

      at node_modules/@radix-ui/react-dialog/src/dialog.tsx:543:36
      at Object.react-stack-bottom-frame (node_modules/react-dom/cjs/react-dom-client.development.js:23949:20)
      at runWithFiberInDEV (node_modules/react-dom/cjs/react-dom-client.development.js:1522:13)
      at commitHookEffectListMount (node_modules/react-dom/cjs/react-dom-client.development.js:11905:29)
      at commitHookPassiveMountEffects (node_modules/react-dom/cjs/react-dom-client.development.js:12028:11)
      at commitPassiveMountOnFiber (node_modules/react-dom/cjs/react-dom-client.development.js:13841:13)
      at recursivelyTraversePassiveMountEffects (node_modules/react-dom/cjs/react-dom-client.development.js:13815:11)
      at commitPassiveMountOnFiber (node_modules/react-dom/cjs/react-dom-client.development.js:13957:11)
      at recursivelyTraversePassiveMountEffects (node_modules/react-dom/cjs/react-dom-client.development.js:13815:11)
      at commitPassiveMountOnFiber (node_modules/react-dom/cjs/react-dom-client.development.js:13834:11)
      at recursivelyTraversePassiveMountEffects (node_modules/react-dom/cjs/react-dom-client.development.js:13815:11)
      at commitPassiveMountOnFiber (node_modules/react-dom/cjs/react-dom-client.development.js:13834:11)
      at recursivelyTraversePassiveMountEffects (node_modules/react-dom/cjs/react-dom-client.development.js:13815:11)
      at commitPassiveMountOnFiber (node_modules/react-dom/cjs/react-dom-client.development.js:13834:11)
      at recursivelyTraversePassiveMountEffects (node_modules/react-dom/cjs/react-dom-client.development.js:13815:11)
      at commitPassiveMountOnFiber (node_modules/react-dom/cjs/react-dom-client.development.js:13834:11)
      at recursivelyTraversePassiveMountEffects (node_modules/react-dom/cjs/react-dom-client.development.js:13815:11)
      at commitPassiveMountOnFiber (node_modules/react-dom/cjs/react-dom-client.development.js:13834:11)
      at recursivelyTraversePassiveMountEffects (node_modules/react-dom/cjs/react-dom-client.development.js:13815:11)
      at commitPassiveMountOnFiber (node_modules/react-dom/cjs/react-dom-client.development.js:13834:11)
      at recursivelyTraversePassiveMountEffects (node_modules/react-dom/cjs/react-dom-client.development.js:13815:11)
      at commitPassiveMountOnFiber (node_modules/react-dom/cjs/react-dom-client.development.js:13834:11)
      at recursivelyTraversePassiveMountEffects (node_modules/react-dom/cjs/react-dom-client.development.js:13815:11)
      at commitPassiveMountOnFiber (node_modules/react-dom/cjs/react-dom-client.development.js:13957:11)
      at recursivelyTraversePassiveMountEffects (node_modules/react-dom/cjs/react-dom-client.development.js:13815:11)
      at commitPassiveMountOnFiber (node_modules/react-dom/cjs/react-dom-client.development.js:13834:11)
      at recursivelyTraversePassiveMountEffects (node_modules/react-dom/cjs/react-dom-client.development.js:13815:11)
      at commitPassiveMountOnFiber (node_modules/react-dom/cjs/react-dom-client.development.js:13834:11)
      at recursivelyTraversePassiveMountEffects (node_modules/react-dom/cjs/react-dom-client.development.js:13815:11)
      at commitPassiveMountOnFiber (node_modules/react-dom/cjs/react-dom-client.development.js:13957:11)
      at recursivelyTraversePassiveMountEffects (node_modules/react-dom/cjs/react-dom-client.development.js:13815:11)
      at commitPassiveMountOnFiber (node_modules/react-dom/cjs/react-dom-client.development.js:13834:11)
      at recursivelyTraversePassiveMountEffects (node_modules/react-dom/cjs/react-dom-client.development.js:13815:11)
      at commitPassiveMountOnFiber (node_modules/react-dom/cjs/react-dom-client.development.js:13834:11)
      at recursivelyTraversePassiveMountEffects (node_modules/react-dom/cjs/react-dom-client.development.js:13815:11)
      at commitPassiveMountOnFiber (node_modules/react-dom/cjs/react-dom-client.development.js:13834:11)
      at recursivelyTraversePassiveMountEffects (node_modules/react-dom/cjs/react-dom-client.development.js:13815:11)
      at commitPassiveMountOnFiber (node_modules/react-dom/cjs/react-dom-client.development.js:13834:11)
      at recursivelyTraversePassiveMountEffects (node_modules/react-dom/cjs/react-dom-client.development.js:13815:11)
      at commitPassiveMountOnFiber (node_modules/react-dom/cjs/react-dom-client.development.js:13957:11)
      at recursivelyTraversePassiveMountEffects (node_modules/react-dom/cjs/react-dom-client.development.js:13815:11)
      at commitPassiveMountOnFiber (node_modules/react-dom/cjs/react-dom-client.development.js:13834:11)
      at recursivelyTraversePassiveMountEffects (node_modules/react-dom/cjs/react-dom-client.development.js:13815:11)
      at commitPassiveMountOnFiber (node_modules/react-dom/cjs/react-dom-client.development.js:13834:11)
      at recursivelyTraversePassiveMountEffects (node_modules/react-dom/cjs/react-dom-client.development.js:13815:11)
      at commitPassiveMountOnFiber (node_modules/react-dom/cjs/react-dom-client.development.js:13834:11)
      at recursivelyTraversePassiveMountEffects (node_modules/react-dom/cjs/react-dom-client.development.js:13815:11)
      at commitPassiveMountOnFiber (node_modules/react-dom/cjs/react-dom-client.development.js:13834:11)
      at recursivelyTraversePassiveMountEffects (node_modules/react-dom/cjs/react-dom-client.development.js:13815:11)
      at commitPassiveMountOnFiber (node_modules/react-dom/cjs/react-dom-client.development.js:13853:11)
      at flushPassiveEffects (node_modules/react-dom/cjs/react-dom-client.development.js:15737:9)
      at flushPendingEffects (node_modules/react-dom/cjs/react-dom-client.development.js:15702:14)
      at flushSpawnedWork (node_modules/react-dom/cjs/react-dom-client.development.js:15668:44)
      at commitRoot (node_modules/react-dom/cjs/react-dom-client.development.js:15403:9)
      at performWorkOnRoot (node_modules/react-dom/cjs/react-dom-client.development.js:14526:15)
      at performSyncWorkOnRoot (node_modules/react-dom/cjs/react-dom-client.development.js:16231:7)
      at flushSyncWorkAcrossRoots_impl (node_modules/react-dom/cjs/react-dom-client.development.js:16079:21)
      at flushSpawnedWork (node_modules/react-dom/cjs/react-dom-client.development.js:15677:9)
      at commitRoot (node_modules/react-dom/cjs/react-dom-client.development.js:15403:9)
      at performWorkOnRoot (node_modules/react-dom/cjs/react-dom-client.development.js:14526:15)
      at performWorkOnRootViaSchedulerTask (node_modules/react-dom/cjs/react-dom-client.development.js:16216:7)
      at flushActQueue (node_modules/react/cjs/react.development.js:566:34)
      at Object.<anonymous>.process.env.NODE_ENV.exports.act (node_modules/react/cjs/react.development.js:859:10)
      at node_modules/@testing-library/react/dist/act-compat.js:46:25
      at renderRoot (node_modules/@testing-library/react/dist/pure.js:189:26)
      at render (node_modules/@testing-library/react/dist/pure.js:291:10)
      at Object.<anonymous> (src/components/chatbot/__tests__/ChatDialog.test.tsx:140:11)

  console.warn
    Warning: Missing `Description` or `aria-describedby={undefined}` for {DialogContent}.

    [0m [90m 145 |[39m
     [90m 146 |[39m   it([32m'should show loading indicator when loading'[39m[33m,[39m () [33m=>[39m {
    [31m[1m>[22m[39m[90m 147 |[39m     render([33m<[39m[33mChatDialog[39m {[33m...[39mdefaultProps} loading[33m=[39m{[36mtrue[39m} [33m/[39m[33m>[39m)[33m;[39m
     [90m     |[39m           [31m[1m^[22m[39m
     [90m 148 |[39m
     [90m 149 |[39m     expect(screen[33m.[39mgetByTestId([32m'loading-indicator'[39m))[33m.[39mtoBeInTheDocument()[33m;[39m
     [90m 150 |[39m     expect(screen[33m.[39mgetByText([32m'Thinking...'[39m))[33m.[39mtoBeInTheDocument()[33m;[39m[0m

      at node_modules/@radix-ui/react-dialog/src/dialog.tsx:543:36
      at Object.react-stack-bottom-frame (node_modules/react-dom/cjs/react-dom-client.development.js:23949:20)
      at runWithFiberInDEV (node_modules/react-dom/cjs/react-dom-client.development.js:1522:13)
      at commitHookEffectListMount (node_modules/react-dom/cjs/react-dom-client.development.js:11905:29)
      at commitHookPassiveMountEffects (node_modules/react-dom/cjs/react-dom-client.development.js:12028:11)
      at commitPassiveMountOnFiber (node_modules/react-dom/cjs/react-dom-client.development.js:13841:13)
      at recursivelyTraversePassiveMountEffects (node_modules/react-dom/cjs/react-dom-client.development.js:13815:11)
      at commitPassiveMountOnFiber (node_modules/react-dom/cjs/react-dom-client.development.js:13957:11)
      at recursivelyTraversePassiveMountEffects (node_modules/react-dom/cjs/react-dom-client.development.js:13815:11)
      at commitPassiveMountOnFiber (node_modules/react-dom/cjs/react-dom-client.development.js:13834:11)
      at recursivelyTraversePassiveMountEffects (node_modules/react-dom/cjs/react-dom-client.development.js:13815:11)
      at commitPassiveMountOnFiber (node_modules/react-dom/cjs/react-dom-client.development.js:13834:11)
      at recursivelyTraversePassiveMountEffects (node_modules/react-dom/cjs/react-dom-client.development.js:13815:11)
      at commitPassiveMountOnFiber (node_modules/react-dom/cjs/react-dom-client.development.js:13834:11)
      at recursivelyTraversePassiveMountEffects (node_modules/react-dom/cjs/react-dom-client.development.js:13815:11)
      at commitPassiveMountOnFiber (node_modules/react-dom/cjs/react-dom-client.development.js:13834:11)
      at recursivelyTraversePassiveMountEffects (node_modules/react-dom/cjs/react-dom-client.development.js:13815:11)
      at commitPassiveMountOnFiber (node_modules/react-dom/cjs/react-dom-client.development.js:13834:11)
      at recursivelyTraversePassiveMountEffects (node_modules/react-dom/cjs/react-dom-client.development.js:13815:11)
      at commitPassiveMountOnFiber (node_modules/react-dom/cjs/react-dom-client.development.js:13834:11)
      at recursivelyTraversePassiveMountEffects (node_modules/react-dom/cjs/react-dom-client.development.js:13815:11)
      at commitPassiveMountOnFiber (node_modules/react-dom/cjs/react-dom-client.development.js:13834:11)
      at recursivelyTraversePassiveMountEffects (node_modules/react-dom/cjs/react-dom-client.development.js:13815:11)
      at commitPassiveMountOnFiber (node_modules/react-dom/cjs/react-dom-client.development.js:13957:11)
      at recursivelyTraversePassiveMountEffects (node_modules/react-dom/cjs/react-dom-client.development.js:13815:11)
      at commitPassiveMountOnFiber (node_modules/react-dom/cjs/react-dom-client.development.js:13834:11)
      at recursivelyTraversePassiveMountEffects (node_modules/react-dom/cjs/react-dom-client.development.js:13815:11)
      at commitPassiveMountOnFiber (node_modules/react-dom/cjs/react-dom-client.development.js:13834:11)
      at recursivelyTraversePassiveMountEffects (node_modules/react-dom/cjs/react-dom-client.development.js:13815:11)
      at commitPassiveMountOnFiber (node_modules/react-dom/cjs/react-dom-client.development.js:13957:11)
      at recursivelyTraversePassiveMountEffects (node_modules/react-dom/cjs/react-dom-client.development.js:13815:11)
      at commitPassiveMountOnFiber (node_modules/react-dom/cjs/react-dom-client.development.js:13834:11)
      at recursivelyTraversePassiveMountEffects (node_modules/react-dom/cjs/react-dom-client.development.js:13815:11)
      at commitPassiveMountOnFiber (node_modules/react-dom/cjs/react-dom-client.development.js:13834:11)
      at recursivelyTraversePassiveMountEffects (node_modules/react-dom/cjs/react-dom-client.development.js:13815:11)
      at commitPassiveMountOnFiber (node_modules/react-dom/cjs/react-dom-client.development.js:13834:11)
      at recursivelyTraversePassiveMountEffects (node_modules/react-dom/cjs/react-dom-client.development.js:13815:11)
      at commitPassiveMountOnFiber (node_modules/react-dom/cjs/react-dom-client.development.js:13834:11)
      at recursivelyTraversePassiveMountEffects (node_modules/react-dom/cjs/react-dom-client.development.js:13815:11)
      at commitPassiveMountOnFiber (node_modules/react-dom/cjs/react-dom-client.development.js:13957:11)
      at recursivelyTraversePassiveMountEffects (node_modules/react-dom/cjs/react-dom-client.development.js:13815:11)
      at commitPassiveMountOnFiber (node_modules/react-dom/cjs/react-dom-client.development.js:13834:11)
      at recursivelyTraversePassiveMountEffects (node_modules/react-dom/cjs/react-dom-client.development.js:13815:11)
      at commitPassiveMountOnFiber (node_modules/react-dom/cjs/react-dom-client.development.js:13834:11)
      at recursivelyTraversePassiveMountEffects (node_modules/react-dom/cjs/react-dom-client.development.js:13815:11)
      at commitPassiveMountOnFiber (node_modules/react-dom/cjs/react-dom-client.development.js:13834:11)
      at recursivelyTraversePassiveMountEffects (node_modules/react-dom/cjs/react-dom-client.development.js:13815:11)
      at commitPassiveMountOnFiber (node_modules/react-dom/cjs/react-dom-client.development.js:13834:11)
      at recursivelyTraversePassiveMountEffects (node_modules/react-dom/cjs/react-dom-client.development.js:13815:11)
      at commitPassiveMountOnFiber (node_modules/react-dom/cjs/react-dom-client.development.js:13853:11)
      at flushPassiveEffects (node_modules/react-dom/cjs/react-dom-client.development.js:15737:9)
      at flushPendingEffects (node_modules/react-dom/cjs/react-dom-client.development.js:15702:14)
      at flushSpawnedWork (node_modules/react-dom/cjs/react-dom-client.development.js:15668:44)
      at commitRoot (node_modules/react-dom/cjs/react-dom-client.development.js:15403:9)
      at performWorkOnRoot (node_modules/react-dom/cjs/react-dom-client.development.js:14526:15)
      at performSyncWorkOnRoot (node_modules/react-dom/cjs/react-dom-client.development.js:16231:7)
      at flushSyncWorkAcrossRoots_impl (node_modules/react-dom/cjs/react-dom-client.development.js:16079:21)
      at flushSpawnedWork (node_modules/react-dom/cjs/react-dom-client.development.js:15677:9)
      at commitRoot (node_modules/react-dom/cjs/react-dom-client.development.js:15403:9)
      at performWorkOnRoot (node_modules/react-dom/cjs/react-dom-client.development.js:14526:15)
      at performWorkOnRootViaSchedulerTask (node_modules/react-dom/cjs/react-dom-client.development.js:16216:7)
      at flushActQueue (node_modules/react/cjs/react.development.js:566:34)
      at Object.<anonymous>.process.env.NODE_ENV.exports.act (node_modules/react/cjs/react.development.js:859:10)
      at node_modules/@testing-library/react/dist/act-compat.js:46:25
      at renderRoot (node_modules/@testing-library/react/dist/pure.js:189:26)
      at render (node_modules/@testing-library/react/dist/pure.js:291:10)
      at Object.<anonymous> (src/components/chatbot/__tests__/ChatDialog.test.tsx:147:11)

  console.error
    Received `true` for a non-boolean attribute `fill`.
    
    If you want to write it to the DOM, pass a string instead: fill="true" or fill={value.toString()}.

    [0m [90m 87 |[39m       [36mreturn[39m[33m;[39m
     [90m 88 |[39m     }
    [31m[1m>[22m[39m[90m 89 |[39m     originalError[33m.[39mcall(console[33m,[39m [33m...[39margs)[33m;[39m
     [90m    |[39m                   [31m[1m^[22m[39m
     [90m 90 |[39m   }[33m;[39m
     [90m 91 |[39m })[33m;[39m
     [90m 92 |[39m[0m

      at console.error (jest.setup.js:89:19)
      at validateProperty (node_modules/react-dom/cjs/react-dom-client.development.js:3078:27)
      at warnUnknownProperties (node_modules/react-dom/cjs/react-dom-client.development.js:3154:9)
      at validatePropertiesInDevelopment (node_modules/react-dom/cjs/react-dom-client.development.js:17117:9)
      at setInitialProperties (node_modules/react-dom/cjs/react-dom-client.development.js:17741:7)
      at completeWork (node_modules/react-dom/cjs/react-dom-client.development.js:11391:18)
      at runWithFiberInDEV (node_modules/react-dom/cjs/react-dom-client.development.js:1522:13)
      at completeUnitOfWork (node_modules/react-dom/cjs/react-dom-client.development.js:15268:19)
      at performUnitOfWork (node_modules/react-dom/cjs/react-dom-client.development.js:15149:11)
      at workLoopSync (node_modules/react-dom/cjs/react-dom-client.development.js:14956:41)
      at renderRootSync (node_modules/react-dom/cjs/react-dom-client.development.js:14936:11)
      at performWorkOnRoot (node_modules/react-dom/cjs/react-dom-client.development.js:14419:13)
      at performWorkOnRootViaSchedulerTask (node_modules/react-dom/cjs/react-dom-client.development.js:16216:7)
      at flushActQueue (node_modules/react/cjs/react.development.js:566:34)
      at Object.<anonymous>.process.env.NODE_ENV.exports.act (node_modules/react/cjs/react.development.js:859:10)
      at node_modules/@testing-library/react/dist/act-compat.js:46:25
      at renderRoot (node_modules/@testing-library/react/dist/pure.js:189:26)
      at render (node_modules/@testing-library/react/dist/pure.js:291:10)
      at Object.<anonymous> (src/components/chatbot/__tests__/Message.test.tsx:112:13)

  console.warn
    Warning: Missing `Description` or `aria-describedby={undefined}` for {DialogContent}.

    [0m [90m 152 |[39m
     [90m 153 |[39m   it([32m'should disable input when loading'[39m[33m,[39m () [33m=>[39m {
    [31m[1m>[22m[39m[90m 154 |[39m     render([33m<[39m[33mChatDialog[39m {[33m...[39mdefaultProps} loading[33m=[39m{[36mtrue[39m} [33m/[39m[33m>[39m)[33m;[39m
     [90m     |[39m           [31m[1m^[22m[39m
     [90m 155 |[39m
     [90m 156 |[39m     [36mconst[39m input [33m=[39m screen[33m.[39mgetByTestId([32m'chat-input-textarea'[39m)[33m;[39m
     [90m 157 |[39m     expect(input)[33m.[39mtoBeDisabled()[33m;[39m[0m

      at node_modules/@radix-ui/react-dialog/src/dialog.tsx:543:36
      at Object.react-stack-bottom-frame (node_modules/react-dom/cjs/react-dom-client.development.js:23949:20)
      at runWithFiberInDEV (node_modules/react-dom/cjs/react-dom-client.development.js:1522:13)
      at commitHookEffectListMount (node_modules/react-dom/cjs/react-dom-client.development.js:11905:29)
      at commitHookPassiveMountEffects (node_modules/react-dom/cjs/react-dom-client.development.js:12028:11)
      at commitPassiveMountOnFiber (node_modules/react-dom/cjs/react-dom-client.development.js:13841:13)
      at recursivelyTraversePassiveMountEffects (node_modules/react-dom/cjs/react-dom-client.development.js:13815:11)
      at commitPassiveMountOnFiber (node_modules/react-dom/cjs/react-dom-client.development.js:13957:11)
      at recursivelyTraversePassiveMountEffects (node_modules/react-dom/cjs/react-dom-client.development.js:13815:11)
      at commitPassiveMountOnFiber (node_modules/react-dom/cjs/react-dom-client.development.js:13834:11)
      at recursivelyTraversePassiveMountEffects (node_modules/react-dom/cjs/react-dom-client.development.js:13815:11)
      at commitPassiveMountOnFiber (node_modules/react-dom/cjs/react-dom-client.development.js:13834:11)
      at recursivelyTraversePassiveMountEffects (node_modules/react-dom/cjs/react-dom-client.development.js:13815:11)
      at commitPassiveMountOnFiber (node_modules/react-dom/cjs/react-dom-client.development.js:13834:11)
      at recursivelyTraversePassiveMountEffects (node_modules/react-dom/cjs/react-dom-client.development.js:13815:11)
      at commitPassiveMountOnFiber (node_modules/react-dom/cjs/react-dom-client.development.js:13834:11)
      at recursivelyTraversePassiveMountEffects (node_modules/react-dom/cjs/react-dom-client.development.js:13815:11)
      at commitPassiveMountOnFiber (node_modules/react-dom/cjs/react-dom-client.development.js:13834:11)
      at recursivelyTraversePassiveMountEffects (node_modules/react-dom/cjs/react-dom-client.development.js:13815:11)
      at commitPassiveMountOnFiber (node_modules/react-dom/cjs/react-dom-client.development.js:13834:11)
      at recursivelyTraversePassiveMountEffects (node_modules/react-dom/cjs/react-dom-client.development.js:13815:11)
      at commitPassiveMountOnFiber (node_modules/react-dom/cjs/react-dom-client.development.js:13834:11)
      at recursivelyTraversePassiveMountEffects (node_modules/react-dom/cjs/react-dom-client.development.js:13815:11)
      at commitPassiveMountOnFiber (node_modules/react-dom/cjs/react-dom-client.development.js:13957:11)
      at recursivelyTraversePassiveMountEffects (node_modules/react-dom/cjs/react-dom-client.development.js:13815:11)
      at commitPassiveMountOnFiber (node_modules/react-dom/cjs/react-dom-client.development.js:13834:11)
      at recursivelyTraversePassiveMountEffects (node_modules/react-dom/cjs/react-dom-client.development.js:13815:11)
      at commitPassiveMountOnFiber (node_modules/react-dom/cjs/react-dom-client.development.js:13834:11)
      at recursivelyTraversePassiveMountEffects (node_modules/react-dom/cjs/react-dom-client.development.js:13815:11)
      at commitPassiveMountOnFiber (node_modules/react-dom/cjs/react-dom-client.development.js:13957:11)
      at recursivelyTraversePassiveMountEffects (node_modules/react-dom/cjs/react-dom-client.development.js:13815:11)
      at commitPassiveMountOnFiber (node_modules/react-dom/cjs/react-dom-client.development.js:13834:11)
      at recursivelyTraversePassiveMountEffects (node_modules/react-dom/cjs/react-dom-client.development.js:13815:11)
      at commitPassiveMountOnFiber (node_modules/react-dom/cjs/react-dom-client.development.js:13834:11)
      at recursivelyTraversePassiveMountEffects (node_modules/react-dom/cjs/react-dom-client.development.js:13815:11)
      at commitPassiveMountOnFiber (node_modules/react-dom/cjs/react-dom-client.development.js:13834:11)
      at recursivelyTraversePassiveMountEffects (node_modules/react-dom/cjs/react-dom-client.development.js:13815:11)
      at commitPassiveMountOnFiber (node_modules/react-dom/cjs/react-dom-client.development.js:13834:11)
      at recursivelyTraversePassiveMountEffects (node_modules/react-dom/cjs/react-dom-client.development.js:13815:11)
      at commitPassiveMountOnFiber (node_modules/react-dom/cjs/react-dom-client.development.js:13957:11)
      at recursivelyTraversePassiveMountEffects (node_modules/react-dom/cjs/react-dom-client.development.js:13815:11)
      at commitPassiveMountOnFiber (node_modules/react-dom/cjs/react-dom-client.development.js:13834:11)
      at recursivelyTraversePassiveMountEffects (node_modules/react-dom/cjs/react-dom-client.development.js:13815:11)
      at commitPassiveMountOnFiber (node_modules/react-dom/cjs/react-dom-client.development.js:13834:11)
      at recursivelyTraversePassiveMountEffects (node_modules/react-dom/cjs/react-dom-client.development.js:13815:11)
      at commitPassiveMountOnFiber (node_modules/react-dom/cjs/react-dom-client.development.js:13834:11)
      at recursivelyTraversePassiveMountEffects (node_modules/react-dom/cjs/react-dom-client.development.js:13815:11)
      at commitPassiveMountOnFiber (node_modules/react-dom/cjs/react-dom-client.development.js:13834:11)
      at recursivelyTraversePassiveMountEffects (node_modules/react-dom/cjs/react-dom-client.development.js:13815:11)
      at commitPassiveMountOnFiber (node_modules/react-dom/cjs/react-dom-client.development.js:13853:11)
      at flushPassiveEffects (node_modules/react-dom/cjs/react-dom-client.development.js:15737:9)
      at flushPendingEffects (node_modules/react-dom/cjs/react-dom-client.development.js:15702:14)
      at flushSpawnedWork (node_modules/react-dom/cjs/react-dom-client.development.js:15668:44)
      at commitRoot (node_modules/react-dom/cjs/react-dom-client.development.js:15403:9)
      at performWorkOnRoot (node_modules/react-dom/cjs/react-dom-client.development.js:14526:15)
      at performSyncWorkOnRoot (node_modules/react-dom/cjs/react-dom-client.development.js:16231:7)
      at flushSyncWorkAcrossRoots_impl (node_modules/react-dom/cjs/react-dom-client.development.js:16079:21)
      at flushSpawnedWork (node_modules/react-dom/cjs/react-dom-client.development.js:15677:9)
      at commitRoot (node_modules/react-dom/cjs/react-dom-client.development.js:15403:9)
      at performWorkOnRoot (node_modules/react-dom/cjs/react-dom-client.development.js:14526:15)
      at performWorkOnRootViaSchedulerTask (node_modules/react-dom/cjs/react-dom-client.development.js:16216:7)
      at flushActQueue (node_modules/react/cjs/react.development.js:566:34)
      at Object.<anonymous>.process.env.NODE_ENV.exports.act (node_modules/react/cjs/react.development.js:859:10)
      at node_modules/@testing-library/react/dist/act-compat.js:46:25
      at renderRoot (node_modules/@testing-library/react/dist/pure.js:189:26)
      at render (node_modules/@testing-library/react/dist/pure.js:291:10)
      at Object.<anonymous> (src/components/chatbot/__tests__/ChatDialog.test.tsx:154:11)

  console.warn
    Warning: Missing `Description` or `aria-describedby={undefined}` for {DialogContent}.

    [0m [90m 159 |[39m
     [90m 160 |[39m   it([32m'should render scroll area for messages'[39m[33m,[39m () [33m=>[39m {
    [31m[1m>[22m[39m[90m 161 |[39m     render([33m<[39m[33mChatDialog[39m {[33m...[39mdefaultProps} [33m/[39m[33m>[39m)[33m;[39m
     [90m     |[39m           [31m[1m^[22m[39m
     [90m 162 |[39m
     [90m 163 |[39m     expect(screen[33m.[39mgetByTestId([32m'messages-scroll-area'[39m))[33m.[39mtoBeInTheDocument()[33m;[39m
     [90m 164 |[39m   })[33m;[39m[0m

      at node_modules/@radix-ui/react-dialog/src/dialog.tsx:543:36
      at Object.react-stack-bottom-frame (node_modules/react-dom/cjs/react-dom-client.development.js:23949:20)
      at runWithFiberInDEV (node_modules/react-dom/cjs/react-dom-client.development.js:1522:13)
      at commitHookEffectListMount (node_modules/react-dom/cjs/react-dom-client.development.js:11905:29)
      at commitHookPassiveMountEffects (node_modules/react-dom/cjs/react-dom-client.development.js:12028:11)
      at commitPassiveMountOnFiber (node_modules/react-dom/cjs/react-dom-client.development.js:13841:13)
      at recursivelyTraversePassiveMountEffects (node_modules/react-dom/cjs/react-dom-client.development.js:13815:11)
      at commitPassiveMountOnFiber (node_modules/react-dom/cjs/react-dom-client.development.js:13957:11)
      at recursivelyTraversePassiveMountEffects (node_modules/react-dom/cjs/react-dom-client.development.js:13815:11)
      at commitPassiveMountOnFiber (node_modules/react-dom/cjs/react-dom-client.development.js:13834:11)
      at recursivelyTraversePassiveMountEffects (node_modules/react-dom/cjs/react-dom-client.development.js:13815:11)
      at commitPassiveMountOnFiber (node_modules/react-dom/cjs/react-dom-client.development.js:13834:11)
      at recursivelyTraversePassiveMountEffects (node_modules/react-dom/cjs/react-dom-client.development.js:13815:11)
      at commitPassiveMountOnFiber (node_modules/react-dom/cjs/react-dom-client.development.js:13834:11)
      at recursivelyTraversePassiveMountEffects (node_modules/react-dom/cjs/react-dom-client.development.js:13815:11)
      at commitPassiveMountOnFiber (node_modules/react-dom/cjs/react-dom-client.development.js:13834:11)
      at recursivelyTraversePassiveMountEffects (node_modules/react-dom/cjs/react-dom-client.development.js:13815:11)
      at commitPassiveMountOnFiber (node_modules/react-dom/cjs/react-dom-client.development.js:13834:11)
      at recursivelyTraversePassiveMountEffects (node_modules/react-dom/cjs/react-dom-client.development.js:13815:11)
      at commitPassiveMountOnFiber (node_modules/react-dom/cjs/react-dom-client.development.js:13834:11)
      at recursivelyTraversePassiveMountEffects (node_modules/react-dom/cjs/react-dom-client.development.js:13815:11)
      at commitPassiveMountOnFiber (node_modules/react-dom/cjs/react-dom-client.development.js:13834:11)
      at recursivelyTraversePassiveMountEffects (node_modules/react-dom/cjs/react-dom-client.development.js:13815:11)
      at commitPassiveMountOnFiber (node_modules/react-dom/cjs/react-dom-client.development.js:13957:11)
      at recursivelyTraversePassiveMountEffects (node_modules/react-dom/cjs/react-dom-client.development.js:13815:11)
      at commitPassiveMountOnFiber (node_modules/react-dom/cjs/react-dom-client.development.js:13834:11)
      at recursivelyTraversePassiveMountEffects (node_modules/react-dom/cjs/react-dom-client.development.js:13815:11)
      at commitPassiveMountOnFiber (node_modules/react-dom/cjs/react-dom-client.development.js:13834:11)
      at recursivelyTraversePassiveMountEffects (node_modules/react-dom/cjs/react-dom-client.development.js:13815:11)
      at commitPassiveMountOnFiber (node_modules/react-dom/cjs/react-dom-client.development.js:13957:11)
      at recursivelyTraversePassiveMountEffects (node_modules/react-dom/cjs/react-dom-client.development.js:13815:11)
      at commitPassiveMountOnFiber (node_modules/react-dom/cjs/react-dom-client.development.js:13834:11)
      at recursivelyTraversePassiveMountEffects (node_modules/react-dom/cjs/react-dom-client.development.js:13815:11)
      at commitPassiveMountOnFiber (node_modules/react-dom/cjs/react-dom-client.development.js:13834:11)
      at recursivelyTraversePassiveMountEffects (node_modules/react-dom/cjs/react-dom-client.development.js:13815:11)
      at commitPassiveMountOnFiber (node_modules/react-dom/cjs/react-dom-client.development.js:13834:11)
      at recursivelyTraversePassiveMountEffects (node_modules/react-dom/cjs/react-dom-client.development.js:13815:11)
      at commitPassiveMountOnFiber (node_modules/react-dom/cjs/react-dom-client.development.js:13834:11)
      at recursivelyTraversePassiveMountEffects (node_modules/react-dom/cjs/react-dom-client.development.js:13815:11)
      at commitPassiveMountOnFiber (node_modules/react-dom/cjs/react-dom-client.development.js:13957:11)
      at recursivelyTraversePassiveMountEffects (node_modules/react-dom/cjs/react-dom-client.development.js:13815:11)
      at commitPassiveMountOnFiber (node_modules/react-dom/cjs/react-dom-client.development.js:13834:11)
      at recursivelyTraversePassiveMountEffects (node_modules/react-dom/cjs/react-dom-client.development.js:13815:11)
      at commitPassiveMountOnFiber (node_modules/react-dom/cjs/react-dom-client.development.js:13834:11)
      at recursivelyTraversePassiveMountEffects (node_modules/react-dom/cjs/react-dom-client.development.js:13815:11)
      at commitPassiveMountOnFiber (node_modules/react-dom/cjs/react-dom-client.development.js:13834:11)
      at recursivelyTraversePassiveMountEffects (node_modules/react-dom/cjs/react-dom-client.development.js:13815:11)
      at commitPassiveMountOnFiber (node_modules/react-dom/cjs/react-dom-client.development.js:13834:11)
      at recursivelyTraversePassiveMountEffects (node_modules/react-dom/cjs/react-dom-client.development.js:13815:11)
      at commitPassiveMountOnFiber (node_modules/react-dom/cjs/react-dom-client.development.js:13853:11)
      at flushPassiveEffects (node_modules/react-dom/cjs/react-dom-client.development.js:15737:9)
      at flushPendingEffects (node_modules/react-dom/cjs/react-dom-client.development.js:15702:14)
      at flushSpawnedWork (node_modules/react-dom/cjs/react-dom-client.development.js:15668:44)
      at commitRoot (node_modules/react-dom/cjs/react-dom-client.development.js:15403:9)
      at performWorkOnRoot (node_modules/react-dom/cjs/react-dom-client.development.js:14526:15)
      at performSyncWorkOnRoot (node_modules/react-dom/cjs/react-dom-client.development.js:16231:7)
      at flushSyncWorkAcrossRoots_impl (node_modules/react-dom/cjs/react-dom-client.development.js:16079:21)
      at flushSpawnedWork (node_modules/react-dom/cjs/react-dom-client.development.js:15677:9)
      at commitRoot (node_modules/react-dom/cjs/react-dom-client.development.js:15403:9)
      at performWorkOnRoot (node_modules/react-dom/cjs/react-dom-client.development.js:14526:15)
      at performWorkOnRootViaSchedulerTask (node_modules/react-dom/cjs/react-dom-client.development.js:16216:7)
      at flushActQueue (node_modules/react/cjs/react.development.js:566:34)
      at Object.<anonymous>.process.env.NODE_ENV.exports.act (node_modules/react/cjs/react.development.js:859:10)
      at node_modules/@testing-library/react/dist/act-compat.js:46:25
      at renderRoot (node_modules/@testing-library/react/dist/pure.js:189:26)
      at render (node_modules/@testing-library/react/dist/pure.js:291:10)
      at Object.<anonymous> (src/components/chatbot/__tests__/ChatDialog.test.tsx:161:11)

PASS AI Chatbot System src/components/chatbot/__tests__/Message.test.tsx
  Message
    User Message
      ΓêÜ should render user message with correct styling (43 ms)
      ΓêÜ should display User icon (13 ms)
      ΓêÜ should display timestamp (9 ms)
    Assistant Message
      ΓêÜ should render assistant message (29 ms)
      ΓêÜ should display Bot icon (9 ms)
    Product Card Embedding (CRITICAL)
      ΓêÜ should render product cards when provided (76 ms)
      ΓêÜ should render product cards grid (34 ms)
      ΓêÜ should not render product cards for user messages (11 ms)
      ΓêÜ should not render grid when no product cards (18 ms)
      ΓêÜ should render correct number of product cards (31 ms)
      ΓêÜ should apply grid layout based on number of cards (45 ms)
      ΓêÜ should pass onAddToCart to product cards (34 ms)
    Error Handling
      ΓêÜ should display error message when metadata.error exists (6 ms)

  console.warn
    Warning: Missing `Description` or `aria-describedby={undefined}` for {DialogContent}.

    [0m [90m 166 |[39m   it([32m'should call onOpenChange when dialog closed'[39m[33m,[39m () [33m=>[39m {
     [90m 167 |[39m     [36mconst[39m handleOpenChange [33m=[39m jest[33m.[39mfn()[33m;[39m
    [31m[1m>[22m[39m[90m 168 |[39m     [36mconst[39m { container } [33m=[39m render(
     [90m     |[39m                                 [31m[1m^[22m[39m
     [90m 169 |[39m       [33m<[39m[33mChatDialog[39m {[33m...[39mdefaultProps} onOpenChange[33m=[39m{handleOpenChange} [33m/[39m[33m>[39m
     [90m 170 |[39m     )[33m;[39m
     [90m 171 |[39m[0m

      at node_modules/@radix-ui/react-dialog/src/dialog.tsx:543:36
      at Object.react-stack-bottom-frame (node_modules/react-dom/cjs/react-dom-client.development.js:23949:20)
      at runWithFiberInDEV (node_modules/react-dom/cjs/react-dom-client.development.js:1522:13)
      at commitHookEffectListMount (node_modules/react-dom/cjs/react-dom-client.development.js:11905:29)
      at commitHookPassiveMountEffects (node_modules/react-dom/cjs/react-dom-client.development.js:12028:11)
      at commitPassiveMountOnFiber (node_modules/react-dom/cjs/react-dom-client.development.js:13841:13)
      at recursivelyTraversePassiveMountEffects (node_modules/react-dom/cjs/react-dom-client.development.js:13815:11)
      at commitPassiveMountOnFiber (node_modules/react-dom/cjs/react-dom-client.development.js:13957:11)
      at recursivelyTraversePassiveMountEffects (node_modules/react-dom/cjs/react-dom-client.development.js:13815:11)
      at commitPassiveMountOnFiber (node_modules/react-dom/cjs/react-dom-client.development.js:13834:11)
      at recursivelyTraversePassiveMountEffects (node_modules/react-dom/cjs/react-dom-client.development.js:13815:11)
      at commitPassiveMountOnFiber (node_modules/react-dom/cjs/react-dom-client.development.js:13834:11)
      at recursivelyTraversePassiveMountEffects (node_modules/react-dom/cjs/react-dom-client.development.js:13815:11)
      at commitPassiveMountOnFiber (node_modules/react-dom/cjs/react-dom-client.development.js:13834:11)
      at recursivelyTraversePassiveMountEffects (node_modules/react-dom/cjs/react-dom-client.development.js:13815:11)
      at commitPassiveMountOnFiber (node_modules/react-dom/cjs/react-dom-client.development.js:13834:11)
      at recursivelyTraversePassiveMountEffects (node_modules/react-dom/cjs/react-dom-client.development.js:13815:11)
      at commitPassiveMountOnFiber (node_modules/react-dom/cjs/react-dom-client.development.js:13834:11)
      at recursivelyTraversePassiveMountEffects (node_modules/react-dom/cjs/react-dom-client.development.js:13815:11)
      at commitPassiveMountOnFiber (node_modules/react-dom/cjs/react-dom-client.development.js:13834:11)
      at recursivelyTraversePassiveMountEffects (node_modules/react-dom/cjs/react-dom-client.development.js:13815:11)
      at commitPassiveMountOnFiber (node_modules/react-dom/cjs/react-dom-client.development.js:13834:11)
      at recursivelyTraversePassiveMountEffects (node_modules/react-dom/cjs/react-dom-client.development.js:13815:11)
      at commitPassiveMountOnFiber (node_modules/react-dom/cjs/react-dom-client.development.js:13957:11)
      at recursivelyTraversePassiveMountEffects (node_modules/react-dom/cjs/react-dom-client.development.js:13815:11)
      at commitPassiveMountOnFiber (node_modules/react-dom/cjs/react-dom-client.development.js:13834:11)
      at recursivelyTraversePassiveMountEffects (node_modules/react-dom/cjs/react-dom-client.development.js:13815:11)
      at commitPassiveMountOnFiber (node_modules/react-dom/cjs/react-dom-client.development.js:13834:11)
      at recursivelyTraversePassiveMountEffects (node_modules/react-dom/cjs/react-dom-client.development.js:13815:11)
      at commitPassiveMountOnFiber (node_modules/react-dom/cjs/react-dom-client.development.js:13957:11)
      at recursivelyTraversePassiveMountEffects (node_modules/react-dom/cjs/react-dom-client.development.js:13815:11)
      at commitPassiveMountOnFiber (node_modules/react-dom/cjs/react-dom-client.development.js:13834:11)
      at recursivelyTraversePassiveMountEffects (node_modules/react-dom/cjs/react-dom-client.development.js:13815:11)
      at commitPassiveMountOnFiber (node_modules/react-dom/cjs/react-dom-client.development.js:13834:11)
      at recursivelyTraversePassiveMountEffects (node_modules/react-dom/cjs/react-dom-client.development.js:13815:11)
      at commitPassiveMountOnFiber (node_modules/react-dom/cjs/react-dom-client.development.js:13834:11)
      at recursivelyTraversePassiveMountEffects (node_modules/react-dom/cjs/react-dom-client.development.js:13815:11)
      at commitPassiveMountOnFiber (node_modules/react-dom/cjs/react-dom-client.development.js:13834:11)
      at recursivelyTraversePassiveMountEffects (node_modules/react-dom/cjs/react-dom-client.development.js:13815:11)
      at commitPassiveMountOnFiber (node_modules/react-dom/cjs/react-dom-client.development.js:13957:11)
      at recursivelyTraversePassiveMountEffects (node_modules/react-dom/cjs/react-dom-client.development.js:13815:11)
      at commitPassiveMountOnFiber (node_modules/react-dom/cjs/react-dom-client.development.js:13834:11)
      at recursivelyTraversePassiveMountEffects (node_modules/react-dom/cjs/react-dom-client.development.js:13815:11)
      at commitPassiveMountOnFiber (node_modules/react-dom/cjs/react-dom-client.development.js:13834:11)
      at recursivelyTraversePassiveMountEffects (node_modules/react-dom/cjs/react-dom-client.development.js:13815:11)
      at commitPassiveMountOnFiber (node_modules/react-dom/cjs/react-dom-client.development.js:13834:11)
      at recursivelyTraversePassiveMountEffects (node_modules/react-dom/cjs/react-dom-client.development.js:13815:11)
      at commitPassiveMountOnFiber (node_modules/react-dom/cjs/react-dom-client.development.js:13834:11)
      at recursivelyTraversePassiveMountEffects (node_modules/react-dom/cjs/react-dom-client.development.js:13815:11)
      at commitPassiveMountOnFiber (node_modules/react-dom/cjs/react-dom-client.development.js:13853:11)
      at flushPassiveEffects (node_modules/react-dom/cjs/react-dom-client.development.js:15737:9)
      at flushPendingEffects (node_modules/react-dom/cjs/react-dom-client.development.js:15702:14)
      at flushSpawnedWork (node_modules/react-dom/cjs/react-dom-client.development.js:15668:44)
      at commitRoot (node_modules/react-dom/cjs/react-dom-client.development.js:15403:9)
      at performWorkOnRoot (node_modules/react-dom/cjs/react-dom-client.development.js:14526:15)
      at performSyncWorkOnRoot (node_modules/react-dom/cjs/react-dom-client.development.js:16231:7)
      at flushSyncWorkAcrossRoots_impl (node_modules/react-dom/cjs/react-dom-client.development.js:16079:21)
      at flushSpawnedWork (node_modules/react-dom/cjs/react-dom-client.development.js:15677:9)
      at commitRoot (node_modules/react-dom/cjs/react-dom-client.development.js:15403:9)
      at performWorkOnRoot (node_modules/react-dom/cjs/react-dom-client.development.js:14526:15)
      at performWorkOnRootViaSchedulerTask (node_modules/react-dom/cjs/react-dom-client.development.js:16216:7)
      at flushActQueue (node_modules/react/cjs/react.development.js:566:34)
      at Object.<anonymous>.process.env.NODE_ENV.exports.act (node_modules/react/cjs/react.development.js:859:10)
      at node_modules/@testing-library/react/dist/act-compat.js:46:25
      at renderRoot (node_modules/@testing-library/react/dist/pure.js:189:26)
      at render (node_modules/@testing-library/react/dist/pure.js:291:10)
      at Object.<anonymous> (src/components/chatbot/__tests__/ChatDialog.test.tsx:168:33)

  console.warn
    Warning: Missing `Description` or `aria-describedby={undefined}` for {DialogContent}.

    [0m [90m 181 |[39m     }[33m;[39m
     [90m 182 |[39m
    [31m[1m>[22m[39m[90m 183 |[39m     render(
     [90m     |[39m           [31m[1m^[22m[39m
     [90m 184 |[39m       [33m<[39m[33mChatDialog[39m
     [90m 185 |[39m         {[33m...[39mdefaultProps}
     [90m 186 |[39m         productCardsByMessageId[33m=[39m{productCardsByMessageId}[0m

      at node_modules/@radix-ui/react-dialog/src/dialog.tsx:543:36
      at Object.react-stack-bottom-frame (node_modules/react-dom/cjs/react-dom-client.development.js:23949:20)
      at runWithFiberInDEV (node_modules/react-dom/cjs/react-dom-client.development.js:1522:13)
      at commitHookEffectListMount (node_modules/react-dom/cjs/react-dom-client.development.js:11905:29)
      at commitHookPassiveMountEffects (node_modules/react-dom/cjs/react-dom-client.development.js:12028:11)
      at commitPassiveMountOnFiber (node_modules/react-dom/cjs/react-dom-client.development.js:13841:13)
      at recursivelyTraversePassiveMountEffects (node_modules/react-dom/cjs/react-dom-client.development.js:13815:11)
      at commitPassiveMountOnFiber (node_modules/react-dom/cjs/react-dom-client.development.js:13957:11)
      at recursivelyTraversePassiveMountEffects (node_modules/react-dom/cjs/react-dom-client.development.js:13815:11)
      at commitPassiveMountOnFiber (node_modules/react-dom/cjs/react-dom-client.development.js:13834:11)
      at recursivelyTraversePassiveMountEffects (node_modules/react-dom/cjs/react-dom-client.development.js:13815:11)
      at commitPassiveMountOnFiber (node_modules/react-dom/cjs/react-dom-client.development.js:13834:11)
      at recursivelyTraversePassiveMountEffects (node_modules/react-dom/cjs/react-dom-client.development.js:13815:11)
      at commitPassiveMountOnFiber (node_modules/react-dom/cjs/react-dom-client.development.js:13834:11)
      at recursivelyTraversePassiveMountEffects (node_modules/react-dom/cjs/react-dom-client.development.js:13815:11)
      at commitPassiveMountOnFiber (node_modules/react-dom/cjs/react-dom-client.development.js:13834:11)
      at recursivelyTraversePassiveMountEffects (node_modules/react-dom/cjs/react-dom-client.development.js:13815:11)
      at commitPassiveMountOnFiber (node_modules/react-dom/cjs/react-dom-client.development.js:13834:11)
      at recursivelyTraversePassiveMountEffects (node_modules/react-dom/cjs/react-dom-client.development.js:13815:11)
      at commitPassiveMountOnFiber (node_modules/react-dom/cjs/react-dom-client.development.js:13834:11)
      at recursivelyTraversePassiveMountEffects (node_modules/react-dom/cjs/react-dom-client.development.js:13815:11)
      at commitPassiveMountOnFiber (node_modules/react-dom/cjs/react-dom-client.development.js:13834:11)
      at recursivelyTraversePassiveMountEffects (node_modules/react-dom/cjs/react-dom-client.development.js:13815:11)
      at commitPassiveMountOnFiber (node_modules/react-dom/cjs/react-dom-client.development.js:13957:11)
      at recursivelyTraversePassiveMountEffects (node_modules/react-dom/cjs/react-dom-client.development.js:13815:11)
      at commitPassiveMountOnFiber (node_modules/react-dom/cjs/react-dom-client.development.js:13834:11)
      at recursivelyTraversePassiveMountEffects (node_modules/react-dom/cjs/react-dom-client.development.js:13815:11)
      at commitPassiveMountOnFiber (node_modules/react-dom/cjs/react-dom-client.development.js:13834:11)
      at recursivelyTraversePassiveMountEffects (node_modules/react-dom/cjs/react-dom-client.development.js:13815:11)
      at commitPassiveMountOnFiber (node_modules/react-dom/cjs/react-dom-client.development.js:13957:11)
      at recursivelyTraversePassiveMountEffects (node_modules/react-dom/cjs/react-dom-client.development.js:13815:11)
      at commitPassiveMountOnFiber (node_modules/react-dom/cjs/react-dom-client.development.js:13834:11)
      at recursivelyTraversePassiveMountEffects (node_modules/react-dom/cjs/react-dom-client.development.js:13815:11)
      at commitPassiveMountOnFiber (node_modules/react-dom/cjs/react-dom-client.development.js:13834:11)
      at recursivelyTraversePassiveMountEffects (node_modules/react-dom/cjs/react-dom-client.development.js:13815:11)
      at commitPassiveMountOnFiber (node_modules/react-dom/cjs/react-dom-client.development.js:13834:11)
      at recursivelyTraversePassiveMountEffects (node_modules/react-dom/cjs/react-dom-client.development.js:13815:11)
      at commitPassiveMountOnFiber (node_modules/react-dom/cjs/react-dom-client.development.js:13834:11)
      at recursivelyTraversePassiveMountEffects (node_modules/react-dom/cjs/react-dom-client.development.js:13815:11)
      at commitPassiveMountOnFiber (node_modules/react-dom/cjs/react-dom-client.development.js:13957:11)
      at recursivelyTraversePassiveMountEffects (node_modules/react-dom/cjs/react-dom-client.development.js:13815:11)
      at commitPassiveMountOnFiber (node_modules/react-dom/cjs/react-dom-client.development.js:13834:11)
      at recursivelyTraversePassiveMountEffects (node_modules/react-dom/cjs/react-dom-client.development.js:13815:11)
      at commitPassiveMountOnFiber (node_modules/react-dom/cjs/react-dom-client.development.js:13834:11)
      at recursivelyTraversePassiveMountEffects (node_modules/react-dom/cjs/react-dom-client.development.js:13815:11)
      at commitPassiveMountOnFiber (node_modules/react-dom/cjs/react-dom-client.development.js:13834:11)
      at recursivelyTraversePassiveMountEffects (node_modules/react-dom/cjs/react-dom-client.development.js:13815:11)
      at commitPassiveMountOnFiber (node_modules/react-dom/cjs/react-dom-client.development.js:13834:11)
      at recursivelyTraversePassiveMountEffects (node_modules/react-dom/cjs/react-dom-client.development.js:13815:11)
      at commitPassiveMountOnFiber (node_modules/react-dom/cjs/react-dom-client.development.js:13853:11)
      at flushPassiveEffects (node_modules/react-dom/cjs/react-dom-client.development.js:15737:9)
      at flushPendingEffects (node_modules/react-dom/cjs/react-dom-client.development.js:15702:14)
      at flushSpawnedWork (node_modules/react-dom/cjs/react-dom-client.development.js:15668:44)
      at commitRoot (node_modules/react-dom/cjs/react-dom-client.development.js:15403:9)
      at performWorkOnRoot (node_modules/react-dom/cjs/react-dom-client.development.js:14526:15)
      at performSyncWorkOnRoot (node_modules/react-dom/cjs/react-dom-client.development.js:16231:7)
      at flushSyncWorkAcrossRoots_impl (node_modules/react-dom/cjs/react-dom-client.development.js:16079:21)
      at flushSpawnedWork (node_modules/react-dom/cjs/react-dom-client.development.js:15677:9)
      at commitRoot (node_modules/react-dom/cjs/react-dom-client.development.js:15403:9)
      at performWorkOnRoot (node_modules/react-dom/cjs/react-dom-client.development.js:14526:15)
      at performWorkOnRootViaSchedulerTask (node_modules/react-dom/cjs/react-dom-client.development.js:16216:7)
      at flushActQueue (node_modules/react/cjs/react.development.js:566:34)
      at Object.<anonymous>.process.env.NODE_ENV.exports.act (node_modules/react/cjs/react.development.js:859:10)
      at node_modules/@testing-library/react/dist/act-compat.js:46:25
      at renderRoot (node_modules/@testing-library/react/dist/pure.js:189:26)
      at render (node_modules/@testing-library/react/dist/pure.js:291:10)
      at Object.<anonymous> (src/components/chatbot/__tests__/ChatDialog.test.tsx:183:11)

FAIL AI Chatbot System src/components/chatbot/__tests__/ChatDialog.test.tsx (9.264 s)
  ChatDialog
    ΓêÜ should render dialog when open (883 ms)
    ΓêÜ should not render dialog when closed (14 ms)
    ├ù should render dialog title (236 ms)
    ΓêÜ should render all messages (241 ms)
    ΓêÜ should render product cards when provided (216 ms)
    ΓêÜ should show empty state when no messages (93 ms)
    ΓêÜ should call onSendMessage when message sent (173 ms)
    ΓêÜ should call onClearHistory when clear button clicked (126 ms)
    ΓêÜ should disable clear button when no messages (92 ms)
    ΓêÜ should show loading indicator when loading (119 ms)
    ΓêÜ should disable input when loading (101 ms)
    ΓêÜ should render scroll area for messages (114 ms)
    ΓêÜ should call onOpenChange when dialog closed (114 ms)
    ΓêÜ should pass onAddToCart to messages (120 ms)

  ΓùÅ ChatDialog ΓÇ║ should render dialog title

    TestingLibraryElementError: Unable to find an element with the text: ≡ƒìä MASH AI Assistant. This could be because the text is broken up by multiple elements. In this case, 
you can provide a function for your text matcher to make your matcher more flexible.

    Ignored nodes: comments, script, style
    [36m<body[39m
      [33mdata-scroll-locked[39m=[32m"1"[39m
      [33mstyle[39m=[32m"pointer-events: none;"[39m
    [36m>[39m
      [36m<span[39m
        [33maria-hidden[39m=[32m"true"[39m
        [33mdata-aria-hidden[39m=[32m"true"[39m
        [33mdata-radix-focus-guard[39m=[32m""[39m
        [33mstyle[39m=[32m"outline: none; opacity: 0; position: fixed; pointer-events: none;"[39m
        [33mtabindex[39m=[32m"0"[39m
      [36m/>[39m
      [36m<div[39m
        [33maria-hidden[39m=[32m"true"[39m
        [33mdata-aria-hidden[39m=[32m"true"[39m
      [36m/>[39m
      [36m<div[39m
        [33maria-hidden[39m=[32m"true"[39m
        [33mclass[39m=[32m"data-[state=open]:animate-in data-[state=closed]:animate-out data-[state=closed]:fade-out-0 data-[state=open]:fade-in-0 fixed inset-0 z-50 
bg-black/50"[39m
        [33mdata-aria-hidden[39m=[32m"true"[39m
        [33mdata-slot[39m=[32m"dialog-overlay"[39m
        [33mdata-state[39m=[32m"open"[39m
        [33mstyle[39m=[32m"pointer-events: auto;"[39m
      [36m/>[39m
      [36m<div[39m
        [33maria-describedby[39m=[32m"radix-┬½r8┬╗"[39m
        [33maria-labelledby[39m=[32m"radix-┬½r7┬╗"[39m
        [33mclass[39m=[32m"bg-background data-[state=open]:animate-in data-[state=closed]:animate-out data-[state=closed]:fade-out-0 data-[state=open]:fade-in-0 
data-[state=closed]:zoom-out-95 data-[state=open]:zoom-in-95 fixed top-[50%] left-[50%] z-50 w-full max-w-[calc(100%-2rem)] translate-x-[-50%] translate-y-[-50%] gap-4 rounded-lg 
border p-6 shadow-lg duration-200 h-[600px] max-h-[80vh] flex flex-col sm:max-w-[500px] md:max-w-[600px] lg:max-w-[700px]"[39m
        [33mdata-slot[39m=[32m"dialog-content"[39m
        [33mdata-state[39m=[32m"open"[39m
        [33mdata-testid[39m=[32m"chat-dialog"[39m
        [33mid[39m=[32m"radix-┬½r6┬╗"[39m
        [33mrole[39m=[32m"dialog"[39m
        [33mstyle[39m=[32m"pointer-events: auto;"[39m
        [33mtabindex[39m=[32m"-1"[39m
      [36m>[39m
        [36m<div[39m
          [33mclass[39m=[32m"flex flex-col gap-2 text-center sm:text-left flex-shrink-0"[39m
          [33mdata-slot[39m=[32m"dialog-header"[39m
        [36m>[39m
          [36m<div[39m
            [33mclass[39m=[32m"flex items-center justify-between"[39m
          [36m>[39m
            [36m<h2[39m
              [33mclass[39m=[32m"text-lg leading-none font-semibold flex items-center gap-3"[39m
              [33mdata-slot[39m=[32m"dialog-title"[39m
              [33mid[39m=[32m"radix-┬½r7┬╗"[39m
            [36m>[39m
              [36m<img[39m
                [33malt[39m=[32m"MASH"[39m
                [33mclass[39m=[32m"h-8 w-auto"[39m
                [33msrc[39m=[32m"/logo.png"[39m
              [36m/>[39m
              [36m<span[39m
                [33mclass[39m=[32m"font-semibold text-lg"[39m
              [36m>[39m
                [0mMASH AI Assistant[0m
              [36m</span>[39m
            [36m</h2>[39m
            [36m<button[39m
              [33mclass[39m=[32m"inline-flex items-center justify-center gap-2 whitespace-nowrap text-sm font-medium transition-all disabled:pointer-events-none 
disabled:opacity-50 [&_svg]:pointer-events-none [&_svg:not([class*='size-'])]:size-4 shrink-0 [&_svg]:shrink-0 outline-none focus-visible:ring-2 focus-visible:ring-offset-2 
focus-visible:ring-offset-white active:scale-95 text-foreground hover:bg-muted hover:text-primary h-10 w-10 min-h-[44px] min-w-[44px] rounded-md"[39m
              [33mdata-slot[39m=[32m"button"[39m
              [33mdata-testid[39m=[32m"clear-history-button"[39m
              [33mtitle[39m=[32m"Clear chat history"[39m
            [36m>[39m
              [36m<svg[39m
                [33maria-hidden[39m=[32m"true"[39m
                [33mclass[39m=[32m"lucide lucide-trash2 lucide-trash-2 h-4 w-4"[39m
                [33mfill[39m=[32m"none"[39m
                [33mheight[39m=[32m"24"[39m
                [33mstroke[39m=[32m"currentColor"[39m
                [33mstroke-linecap[39m=[32m"round"[39m
                [33mstroke-linejoin[39m=[32m"round"[39m
                [33mstroke-width[39m=[32m"2"[39m
                [33mviewBox[39m=[32m"0 0 24 24"[39m
                [33mwidth[39m=[32m"24"[39m
                [33mxmlns[39m=[32m"http://www.w3.org/2000/svg"[39m
              [36m>[39m
                [36m<path[39m
                  [33md[39m=[32m"M10 11v6"[39m
                [36m/>[39m
                [36m<path[39m
                  [33md[39m=[32m"M14 11v6"[39m
                [36m/>[39m
                [36m<path[39m
                  [33md[39m=[32m"M19 6v14a2 2 0 0 1-2 2H7a2 2 0 0 1-2-2V6"[39m
                [36m/>[39m
                [36m<path[39m
                  [33md[39m=[32m"M3 6h18"[39m
                [36m/>[39m
                [36m<path[39m
                  [33md[39m=[32m"M8 6V4a2 2 0 0 1 2-2h4a2 2 0 0 1 2 2v2"[39m
                [36m/>[39m
              [36m</svg>[39m
            [36m</button>[39m
          [36m</div>[39m
        [36m</div>[39m
        [36m<div[39m
          [33mclass[39m=[32m"relative flex-1 pr-4"[39m
          [33mdata-slot[39m=[32m"scroll-area"[39m
          [33mdata-testid[39m=[32m"messages-scroll-area"[39m
          [33mdir[39m=[32m"ltr"[39m
          [33mstyle[39m=[32m"position: relative; --radix-scroll-area-corner-width: 0px; --radix-scroll-area-corner-height: 0px;"[39m
        [36m>[39m
          [36m<div[39m
            [33mclass[39m=[32m"focus-visible:ring-ring/50 size-full rounded-[inherit] transition-[color,box-shadow] outline-none focus-visible:ring-[3px] 
focus-visible:outline-1"[39m
            [33mdata-radix-scroll-area-viewport[39m=[32m""[39m
            [33mdata-slot[39m=[32m"scroll-area-viewport"[39m
            [33mstyle[39m=[32m"overflow-x: hidden; overflow-y: scroll;"[39m
          [36m>[39m
            [36m<div[39m
              [33mstyle[39m=[32m"min-width: 100%; display: table;"[39m
            [36m>[39m
              [36m<div[39m
                [33mclass[39m=[32m"space-y-4 py-4"[39m
              [36m>[39m
                [36m<div[39m
                  [33mclass[39m=[32m"flex gap-3 mb-4"[39m
                  [33mdata-message-id[39m=[32m"msg-1"[39m
                  [33mdata-testid[39m=[32m"message-assistant"[39m
                [36m>[39m
                  [36m<div[39m
                    [33mclass[39m=[32m"flex-shrink-0 w-8 h-8 rounded-full flex items-center justify-center overflow-hidden bg-white border-2 border-secondary"[39m
                  [36m>[39m
                    [36m<img[39m
                      [33malt[39m=[32m"MASH AI"[39m
                      [33mclass[39m=[32m"object-contain"[39m
                      [33mheight[39m=[32m"32"[39m
                      [33msrc[39m=[32m"/logo.png"[39m
                      [33mwidth[39m=[32m"32"[39m
                    [36m/>[39m
                  [36m</div>[39m
                  [36m<div[39m
                    [33mclass[39m=[32m"flex flex-col max-w-[85%] gap-2"[39m
                  [36m>[39m
                    [36m<div[39m
                      [33mclass[39m=[32m"rounded-lg px-4 py-3 bg-secondary text-secondary-foreground"[39m
                    [36m>[39m
                      [36m<div[39m
     ...

    [0m [90m 83 |[39m     render([33m<[39m[33mChatDialog[39m {[33m...[39mdefaultProps} [33m/[39m[33m>[39m)[33m;[39m
     [90m 84 |[39m
    [31m[1m>[22m[39m[90m 85 |[39m     expect(screen[33m.[39mgetByText([32m'≡ƒìä MASH AI Assistant'[39m))[33m.[39mtoBeInTheDocument()[33m;[39m
     [90m    |[39m                   [31m[1m^[22m[39m
     [90m 86 |[39m   })[33m;[39m
     [90m 87 |[39m
     [90m 88 |[39m   it([32m'should render all messages'[39m[33m,[39m () [33m=>[39m {[0m

      at Object.getElementError (node_modules/@testing-library/dom/dist/config.js:37:19)
      at node_modules/@testing-library/dom/dist/query-helpers.js:76:38
      at node_modules/@testing-library/dom/dist/query-helpers.js:52:17
      at node_modules/@testing-library/dom/dist/query-helpers.js:95:19
      at Object.getByText (src/components/chatbot/__tests__/ChatDialog.test.tsx:85:19)

  console.error
    [RAG Service] Error: Error: Sanity error
        at Object.<anonymous> (C:\Users\ADMIN\Desktop\PP Namias\MASH\MASH-Ecommerce-Web-Seller-Registration\src\lib\ai\__tests__\rag-service.test.ts:157:9)
        at Promise.then.completed (C:\Users\ADMIN\Desktop\PP Namias\MASH\MASH-Ecommerce-Web-Seller-Registration\node_modules\jest-circus\build\utils.js:298:28)
        at new Promise (<anonymous>)
        at callAsyncCircusFn (C:\Users\ADMIN\Desktop\PP Namias\MASH\MASH-Ecommerce-Web-Seller-Registration\node_modules\jest-circus\build\utils.js:231:10)
        at _callCircusTest (C:\Users\ADMIN\Desktop\PP Namias\MASH\MASH-Ecommerce-Web-Seller-Registration\node_modules\jest-circus\build\run.js:316:40)
        at processTicksAndRejections (node:internal/process/task_queues:103:5)
        at _runTest (C:\Users\ADMIN\Desktop\PP Namias\MASH\MASH-Ecommerce-Web-Seller-Registration\node_modules\jest-circus\build\run.js:252:3)
        at _runTestsForDescribeBlock (C:\Users\ADMIN\Desktop\PP Namias\MASH\MASH-Ecommerce-Web-Seller-Registration\node_modules\jest-circus\build\run.js:126:9)
        at _runTestsForDescribeBlock (C:\Users\ADMIN\Desktop\PP Namias\MASH\MASH-Ecommerce-Web-Seller-Registration\node_modules\jest-circus\build\run.js:121:9)
        at _runTestsForDescribeBlock (C:\Users\ADMIN\Desktop\PP Namias\MASH\MASH-Ecommerce-Web-Seller-Registration\node_modules\jest-circus\build\run.js:121:9)
        at run (C:\Users\ADMIN\Desktop\PP Namias\MASH\MASH-Ecommerce-Web-Seller-Registration\node_modules\jest-circus\build\run.js:71:3)
        at runAndTransformResultsToJestFormat (C:\Users\ADMIN\Desktop\PP Namias\MASH\MASH-Ecommerce-Web-Seller-Registration\node_modules\jest-circus\build\legacy-code-todo-rewrite\jestAdapterInit.js:122:21)
        at jestAdapter (C:\Users\ADMIN\Desktop\PP Namias\MASH\MASH-Ecommerce-Web-Seller-Registration\node_modules\jest-circus\build\legacy-code-todo-rewrite\jestAdapter.js:79:19)
        at runTestInternal (C:\Users\ADMIN\Desktop\PP Namias\MASH\MASH-Ecommerce-Web-Seller-Registration\node_modules\jest-runner\build\runTest.js:367:16)
        at runTest (C:\Users\ADMIN\Desktop\PP Namias\MASH\MASH-Ecommerce-Web-Seller-Registration\node_modules\jest-runner\build\runTest.js:444:34)
        at Object.worker (C:\Users\ADMIN\Desktop\PP Namias\MASH\MASH-Ecommerce-Web-Seller-Registration\node_modules\jest-runner\build\testWorker.js:106:12)

    [0m [90m 87 |[39m       [36mreturn[39m[33m;[39m
     [90m 88 |[39m     }
    [31m[1m>[22m[39m[90m 89 |[39m     originalError[33m.[39mcall(console[33m,[39m [33m...[39margs)[33m;[39m
     [90m    |[39m                   [31m[1m^[22m[39m
     [90m 90 |[39m   }[33m;[39m
     [90m 91 |[39m })[33m;[39m
     [90m 92 |[39m[0m

      at console.error (jest.setup.js:89:19)
      at error (src/lib/ai/rag-service.ts:128:13)
      at Object.<anonymous> (src/lib/ai/__tests__/rag-service.test.ts:160:24)

PASS AI Chatbot System src/lib/ai/__tests__/rag-service.test.ts
  RAG Service
    needsProductSearch
      ΓêÜ should detect product-related queries (2 ms)
      ΓêÜ should not detect general queries (1 ms)
    ragSearch
      ΓêÜ should perform complete RAG pipeline (4 ms)
      ΓêÜ should include search results (1 ms)
      ΓêÜ should include context text (1 ms)
      ΓêÜ should filter out-of-stock by default (1 ms)
      ΓêÜ should handle no products available
      ΓêÜ should handle errors gracefully (33 ms)
    smartRAGSearch
      ΓêÜ should use RAG for product queries (1 ms)
      ΓêÜ should use regular AI for general queries (4 ms)
    getRecipeRecommendations
      ΓêÜ should get products for recipe (1 ms)
      ΓêÜ should limit results to 3 products (1 ms)
    getGrowerProducts
      ΓêÜ should filter products by grower (4 ms)
      ΓêÜ should be case-insensitive (3 ms)
      ΓêÜ should return empty for non-existent grower (6 ms)
    getCategoryProducts
      ΓêÜ should get products by category (1 ms)
    getFeaturedProducts
      ΓêÜ should return in-stock products (1 ms)
      ΓêÜ should limit to 5 products

PASS AI Chatbot System src/components/chatbot/__tests__/ChatButton.test.tsx
  ChatButton
    ΓêÜ should render with MessageCircle icon when closed (20 ms)
    ΓêÜ should render with X icon when open (39 ms)
    ΓêÜ should call onClick when clicked (8 ms)
    ΓêÜ should apply custom className (16 ms)
    ΓêÜ should have fixed positioning styles (8 ms)

PASS AI Chatbot System src/components/chatbot/__tests__/ChatInput.test.tsx (5.629 s)
  ChatInput
    ΓêÜ should render input and send button (107 ms)
    ΓêÜ should call onSend when send button clicked (936 ms)
    ΓêÜ should call onSend when Enter key pressed (421 ms)
    ΓêÜ should not send when Shift+Enter pressed (331 ms)
    ΓêÜ should clear input after sending (317 ms)
    ΓêÜ should trim whitespace before sending (562 ms)
    ΓêÜ should not send empty messages (172 ms)
    ΓêÜ should disable send button when message is empty (14 ms)
    ΓêÜ should enable send button when message has content (210 ms)
    ΓêÜ should disable input when loading (7 ms)
    ΓêÜ should show loading spinner when loading (13 ms)
    ΓêÜ should disable input when disabled prop is true (6 ms)
    ΓêÜ should display custom placeholder (9 ms)

PASS AI Chatbot System src/lib/ai/__tests__/context-builder.test.ts
  Context Builder
    toProductCardData
      ΓêÜ should convert RAGProduct to ProductCardData (1 ms)
      ΓêÜ should handle default parameters
    buildTextContext
      ΓêÜ should build formatted text from results
      ΓêÜ should show out of stock status
      ΓêÜ should handle empty results
      ΓêÜ should include benefits (1 ms)
    buildProductContext
      ΓêÜ should build complete product context (1 ms)
      ΓêÜ should handle multiple products
    generateProductLinks
      ΓêÜ should create markdown links (1 ms)
      ΓêÜ should show out of stock icon
    createSummary
      ΓêÜ should create summary for single product (1 ms)
      ΓêÜ should create summary for multiple products
      ΓêÜ should handle no results
      ΓêÜ should mention in-stock count (1 ms)
    formatPrice
      ΓêÜ should format price with peso sign
    generateRecipeSuggestions
      ΓêÜ should suggest recipes for oyster mushrooms (1 ms)
      ΓêÜ should handle products without specific recipes
      ΓêÜ should return empty for no products (2 ms)
    generateGrowerRecommendation
      ΓêÜ should create grower recommendation
      ΓêÜ should handle multiple growers
      ΓêÜ should handle no growers
    buildEnhancedContext
      ΓêÜ should build complete enhanced context (1 ms)
    formatContextForPrompt
      ΓêÜ should format context for AI prompt (1 ms)

PASS AI Chatbot System src/services/chatbot/__tests__/gemini-service.test.ts
  Gemini Service
    sendMessage
      ΓêÜ should send message and return response (3 ms)
      ΓêÜ should include conversation history (1 ms)
      ΓêÜ should detect recipe queries and use recommendation prompt (3 ms)
      ΓêÜ should use fallback on error (1 ms)
    validateMessage
      ΓêÜ should validate valid messages (1 ms)
      ΓêÜ should reject empty messages (1 ms)
      ΓêÜ should reject whitespace-only messages (2 ms)
      ΓêÜ should reject messages over 500 characters (1 ms)
      ΓêÜ should detect spam patterns (1 ms)
      ΓêÜ should allow messages exactly 500 characters
    getIntroMessage
      ΓêÜ should return intro message (2 ms)

  console.error
    [Hugging Face] Error: Error: Internal Server Error
        at sendToHuggingFace (C:\Users\ADMIN\Desktop\PP Namias\MASH\MASH-Ecommerce-Web-Seller-Registration\src\lib\ai\error-handler.ts:61:13)
        at processTicksAndRejections (node:internal/process/task_queues:103:5)
        at Object.<anonymous> (C:\Users\ADMIN\Desktop\PP Namias\MASH\MASH-Ecommerce-Web-Seller-Registration\src\lib\ai\__tests__\error-handler.test.ts:54:22)

    [0m [90m 87 |[39m       [36mreturn[39m[33m;[39m
     [90m 88 |[39m     }
    [31m[1m>[22m[39m[90m 89 |[39m     originalError[33m.[39mcall(console[33m,[39m [33m...[39margs)[33m;[39m
     [90m    |[39m                   [31m[1m^[22m[39m
     [90m 90 |[39m   }[33m;[39m
     [90m 91 |[39m })[33m;[39m
     [90m 92 |[39m[0m

      at console.error (jest.setup.js:89:19)
      at error (src/lib/ai/error-handler.ts:87:13)
      at Object.<anonymous> (src/lib/ai/__tests__/error-handler.test.ts:54:22)

PASS AI Chatbot System src/services/chatbot/__tests__/prompts.test.ts
  Prompts
    Prompt Constants
      ΓêÜ should have intro prompt (2 ms)
      ΓêÜ should have product recommendation prompt
      ΓêÜ should have general support prompt (1 ms)
      ΓêÜ should have product discovery prompt
      ΓêÜ should have fallback prompt (1 ms)
    detectQueryType
      ΓêÜ should detect recipe queries
      ΓêÜ should detect support queries (1 ms)
      ΓêÜ should detect discovery queries (1 ms)
      ΓêÜ should default to recommendation for unclear queries (1 ms)
    getSystemPrompt
      ΓêÜ should return recommendation prompt for recipe queries
      ΓêÜ should return support prompt for support queries (1 ms)
      ΓêÜ should return discovery prompt for browsing queries
      ΓêÜ should return fallback prompt for general queries (1 ms)
      ΓêÜ should include product context when provided

  console.warn
    [Error Handler] Primary API failed, trying fallback...

    [0m [90m 119 |[39m   }
     [90m 120 |[39m   
    [31m[1m>[22m[39m[90m 121 |[39m   console[33m.[39mwarn([32m'[Error Handler] Primary API failed, trying fallback...'[39m)[33m;[39m
     [90m     |[39m           [31m[1m^[22m[39m
     [90m 122 |[39m   
     [90m 123 |[39m   [90m// Try Hugging Face fallback[39m
     [90m 124 |[39m   [36mconst[39m fallbackResponse [33m=[39m [36mawait[39m sendToHuggingFace(message[33m,[39m history)[33m;[39m[0m

      at warn (src/lib/ai/error-handler.ts:121:11)
      at Object.<anonymous> (src/lib/ai/__tests__/error-handler.test.ts:118:46)

  console.warn
    [Error Handler] Primary API failed, trying fallback...

    [0m [90m 119 |[39m   }
     [90m 120 |[39m   
    [31m[1m>[22m[39m[90m 121 |[39m   console[33m.[39mwarn([32m'[Error Handler] Primary API failed, trying fallback...'[39m)[33m;[39m
     [90m     |[39m           [31m[1m^[22m[39m
     [90m 122 |[39m   
     [90m 123 |[39m   [90m// Try Hugging Face fallback[39m
     [90m 124 |[39m   [36mconst[39m fallbackResponse [33m=[39m [36mawait[39m sendToHuggingFace(message[33m,[39m history)[33m;[39m[0m

      at warn (src/lib/ai/error-handler.ts:121:11)
      at Object.<anonymous> (src/lib/ai/__tests__/error-handler.test.ts:141:46)

  console.error
    [Hugging Face] Error: Error: Fallback failed
        at sendToHuggingFace (C:\Users\ADMIN\Desktop\PP Namias\MASH\MASH-Ecommerce-Web-Seller-Registration\src\lib\ai\error-handler.ts:61:13)
        at processTicksAndRejections (node:internal/process/task_queues:103:5)
        at handleWithFallback (C:\Users\ADMIN\Desktop\PP Namias\MASH\MASH-Ecommerce-Web-Seller-Registration\src\lib\ai\error-handler.ts:124:28)
        at Object.<anonymous> (C:\Users\ADMIN\Desktop\PP Namias\MASH\MASH-Ecommerce-Web-Seller-Registration\src\lib\ai\__tests__\error-handler.test.ts:141:22)

    [0m [90m 87 |[39m       [36mreturn[39m[33m;[39m
     [90m 88 |[39m     }
    [31m[1m>[22m[39m[90m 89 |[39m     originalError[33m.[39mcall(console[33m,[39m [33m...[39margs)[33m;[39m
     [90m    |[39m                   [31m[1m^[22m[39m
     [90m 90 |[39m   }[33m;[39m
     [90m 91 |[39m })[33m;[39m
     [90m 92 |[39m[0m

      at console.error (jest.setup.js:89:19)
      at error (src/lib/ai/error-handler.ts:87:13)
      at handleWithFallback (src/lib/ai/error-handler.ts:124:28)
      at Object.<anonymous> (src/lib/ai/__tests__/error-handler.test.ts:141:22)

PASS AI Chatbot System src/lib/ai/__tests__/error-handler.test.ts
  Error Handler
    sendToHuggingFace
      ΓêÜ should send message to Hugging Face API (4 ms)
      ΓêÜ should handle API errors (138 ms)
      ΓêÜ should include conversation history (4 ms)
    handleWithFallback
      ΓêÜ should return primary response if successful (1 ms)
      ΓêÜ should try fallback if primary fails (18 ms)
      ΓêÜ should return error message if both fail (22 ms)
    categorizeError
      ΓêÜ should categorize rate limit errors (1 ms)
      ΓêÜ should categorize timeout errors (1 ms)
      ΓêÜ should categorize network errors (1 ms)
      ΓêÜ should categorize validation errors
      ΓêÜ should categorize config errors (1 ms)
      ΓêÜ should default to API_ERROR
    getUserFriendlyError
      ΓêÜ should return friendly messages for each error type (1 ms)

PASS AI Chatbot System src/lib/ai/__tests__/search-engine.test.ts
  TF-IDF Search Engine
    preprocessText
      ΓêÜ should lowercase and split text (4 ms)
      ΓêÜ should remove punctuation (1 ms)
      ΓêÜ should remove stop words (1 ms)
      ΓêÜ should remove short words (< 3 chars)
    calculateTF
      ΓêÜ should calculate term frequency correctly
      ΓêÜ should return 0 for term not in document (1 ms)
      ΓêÜ should return 0 for empty document (1 ms)
    calculateIDF
      ΓêÜ should calculate inverse document frequency (1 ms)
      ΓêÜ should return 0 for term in all documents
      ΓêÜ should return 0 for term not in any document
    calculateTFIDF
      ΓêÜ should calculate TF-IDF score (1 ms)
    buildProductDocument
      ΓêÜ should extract and preprocess all fields (7 ms)
      ΓêÜ should boost name field by default (1 ms)
      ΓêÜ should handle products without optional fields (1 ms)
    searchProducts
      ΓêÜ should find relevant products for query (1 ms)
      ΓêÜ should return top N results (2 ms)
      ΓêÜ should sort by relevance score
      ΓêÜ should track matched fields (1 ms)
      ΓêÜ should return empty array for no matches (1 ms)
      ΓêÜ should handle empty query
      ΓêÜ should handle empty products array
      ΓêÜ should filter by minimum score (2 ms)
    findProductsByCategory
      ΓêÜ should find products by exact category (2 ms)
      ΓêÜ should be case-insensitive (4 ms)
      ΓêÜ should respect maxResults
    findProductsByGrower
      ΓêÜ should find products by grower name (1 ms)
      ΓêÜ should handle products without grower (1 ms)
    filterInStock
      ΓêÜ should filter to only in-stock products (2 ms)
    hybridSearch
      ΓêÜ should combine multiple search strategies (1 ms)
      ΓêÜ should boost products for recipe queries (1 ms)
      ΓêÜ should detect category keywords (1 ms)
    getSearchStats
      ΓêÜ should calculate statistics for results (1 ms)
      ΓêÜ should handle empty results (1 ms)

PASS AI Chatbot System src/lib/ai/__tests__/rate-limiter.test.ts
  Rate Limiter
    checkRateLimit
      ΓêÜ should allow first message (2 ms)
      ΓêÜ should allow up to 10 messages (3 ms)
      ΓêÜ should block 11th message (1 ms)
      ΓêÜ should reset after 60 seconds (2 ms)
    getRemainingMessages
      ΓêÜ should return 10 for new user
      ΓêÜ should decrease after each message (1 ms)
      ΓêÜ should return 0 when limit exceeded
    getResetTime
      ΓêÜ should return 0 for new user (1 ms)
      ΓêÜ should return countdown in seconds
      ΓêÜ should decrease over time
    resetRateLimit
      ΓêÜ should reset user rate limit (1 ms)
    cleanupExpiredEntries
      ΓêÜ should remove expired entries

PASS AI Chatbot System src/lib/ai/__tests__/gemini-client.test.ts
  Phase 1: Gemini API Client
    generateResponse()
      ΓêÜ should generate response from Gemini API (4 ms)
      ΓêÜ should handle conversation history (2 ms)
      ΓêÜ should return error when API key is missing (3 ms)
      ΓêÜ should handle API errors gracefully (1 ms)
      ΓêÜ should handle network errors (1 ms)
      ΓêÜ should track processing time
    generateStreamResponse()
      ΓêÜ should handle streaming response (3 ms)
      ΓêÜ should handle stream errors
    testConnection()
      ΓêÜ should return true when connection works
      ΓêÜ should return false when connection fails (1 ms)

Test Suites: 3 failed, 12 passed, 15 total
Tests:       4 failed, 211 passed, 215 total
Snapshots:   0 total
Time:        16.465 s
Ran all test suites.
