
> mash-ecommerce-website@0.1.0 test:calendly
> jest --config jest.calendly.config.js --verbose --no-coverage

node.exe : FAIL Calendly Appointment System 
src/components/appointments/__tests__/CalendlyEmbed.test.tsx
At line:1 char:1
+ & "C:\Program Files\nodejs/node.exe" 
"C:\Users\ADMIN\AppData\Roaming\ ...
+ ~~~~~~~~~~~~~~~~~~~~~~~~~~~~~~~~~~~~~~~~~~~~~~~~~~~~~~~~~~~~~~~~~~~~~
    + CategoryInfo          : NotSpecified: (FAIL Calendly A...yEmbed. 
   test.tsx:String) [], RemoteException
    + FullyQualifiedErrorId : NativeCommandError
 
  ΓùÅ Test suite failed to run

    ReferenceError: Response is not defined

    [0m [90m 65 |[39m
     [90m 66 |[39m     [90m// Update display name if provided[39m
    [31m[1m>[22m[39m[90m 67 |[39m     [36mif[39m (displayName) 
{
     [90m    |[39m               [31m[1m^[22m[39m
     [90m 68 |[39m       [36mawait[39m 
updateProfile(user[33m,[39m { displayName })[33m;[39m
     [90m 69 |[39m     }
     [90m 70 |[39m[0m

      at Object.<anonymous> (node_modules/firebase/node_modules/@fireba
se/auth/src/platform_node/index.ts:33:42)
      at Object.<anonymous> (node_modules/firebase/node_modules/@fireba
se/auth/dist/node/index.js:5:12)
      at Object.<anonymous> 
(node_modules/firebase/auth/dist/index.cjs.js:5:12)
      at Object.<anonymous> (src/lib/firebase/auth.ts:67:15)
      at Object.<anonymous> (src/lib/firebase/index.ts:82:15)
      at Object.<anonymous> (src/contexts/AuthContext.tsx:22:19)
      at Object.<anonymous> 
(src/components/appointments/CalendlyEmbed.tsx:23:22)
      at Object.<anonymous> 
(src/components/appointments/__tests__/CalendlyEmbed.test.tsx:25:24)

FAIL Calendly Appointment System 
src/components/appointments/__tests__/integration.test.tsx (9.417 s)
  Calendly Booking Flow Integration
    Grower Profile to Booking Page Flow
      ΓêÜ should show booking button on grower profile when Calendly 
is enabled (12 ms)
      ΓêÜ should navigate to correct booking page URL (3 ms)
      ΓêÜ should construct Calendly URL correctly for booking page (4 
ms)
    Booking Page Data Loading
      ΓêÜ should load grower data successfully (13 ms)
      ΓêÜ should handle loading state (52 ms)
      ΓêÜ should handle error state (5 ms)
      ΓêÜ should handle grower not found (2 ms)
    Appointment Type Selection
      ΓêÜ should display available appointment types (5 ms)
      ΓêÜ should identify default appointment type (6 ms)
      ΓêÜ should construct correct Calendly URL for each appointment 
type (4 ms)
    Calendly Widget Integration
      ├ù should render Calendly widget with correct URL (252 ms)
    Disabled State Handling
      ΓêÜ should not show booking option when Calendly is disabled (1 
ms)
      ΓêÜ should not show booking option when Calendly username is 
missing (1 ms)
    Multiple Growers Support
      ΓêÜ should generate unique booking URLs for each grower (1 ms)
      ΓêÜ should support same Calendly account for all growers
    URL Parameter Passing
      ΓêÜ should support passing product ID to Calendly (1 ms)
      ΓêÜ should construct booking URL with query parameters
    Error Recovery
      ΓêÜ should show fallback message when grower not found
      ΓêÜ should show fallback when Calendly data is incomplete
    Live Production URLs
      ΓêÜ should match production booking URL format (1 ms)
      ΓêÜ should use live Calendly account
  Booking Page Component Structure
    Required Sections
      ΓêÜ should have grower information header (1 ms)
      ΓêÜ should have appointment type selection
      ΓêÜ should have Calendly embed widget (1 ms)
      ΓêÜ should have contact information sidebar
    Responsive Design
      ΓêÜ should support mobile layout
      ΓêÜ should support desktop layout (1 ms)

  ΓùÅ Calendly Booking Flow Integration ΓÇ║ Calendly Widget 
Integration ΓÇ║ should render Calendly widget with correct URL

    ReferenceError: Response is not defined

    [0m [90m 65 |[39m
     [90m 66 |[39m     [90m// Update display name if provided[39m
    [31m[1m>[22m[39m[90m 67 |[39m     [36mif[39m (displayName) 
{
     [90m    |[39m               [31m[1m^[22m[39m
     [90m 68 |[39m       [36mawait[39m 
updateProfile(user[33m,[39m { displayName })[33m;[39m
     [90m 69 |[39m     }
     [90m 70 |[39m[0m

      at Object.<anonymous> (node_modules/firebase/node_modules/@fireba
se/auth/src/platform_node/index.ts:33:42)
      at Object.<anonymous> (node_modules/firebase/node_modules/@fireba
se/auth/dist/node/index.js:5:12)
      at Object.<anonymous> 
(node_modules/firebase/auth/dist/index.cjs.js:5:12)
      at Object.<anonymous> (src/lib/firebase/auth.ts:67:15)
      at Object.<anonymous> (src/lib/firebase/index.ts:82:15)
      at Object.<anonymous> (src/contexts/AuthContext.tsx:22:19)
      at Object.<anonymous> 
(src/components/appointments/CalendlyEmbed.tsx:23:22)
      at Object.<anonymous> 
(src/components/appointments/index.ts:31:24)
      at Object.require 
(src/components/appointments/__tests__/integration.test.tsx:188:29)

FAIL Calendly Appointment System 
src/components/appointments/__tests__/CalendlyButton.test.tsx (9.878 s)
  CalendlyButton Component
    Rendering - Enabled State
      ΓêÜ should render button when Calendly is enabled (169 ms)
      ΓêÜ should display calendar icon (36 ms)
      ΓêÜ should show "Book Appointment" text by default (7 ms)
      ΓêÜ should show only icon in compact mode (17 ms)
    Rendering - Disabled State
      ΓêÜ should not render when Calendly is disabled (4 ms)
      ΓêÜ should not render when calendlyEnabled is undefined (2 ms)
    Navigation
      ├ù should navigate to booking page when clicked (31 ms)
      ├ù should construct correct URL with different grower slugs (9 
ms)
      ├ù should handle slugs with special characters (10 ms)
    Variants
      ΓêÜ should apply default variant styling (9 ms)
      ΓêÜ should apply outline variant styling (10 ms)
      ΓêÜ should apply ghost variant styling (9 ms)
    Sizes
      ΓêÜ should apply default size (9 ms)
      ΓêÜ should apply small size (8 ms)
      ΓêÜ should apply large size (8 ms)
    Custom Styling
      ΓêÜ should apply custom className (15 ms)
    Appointment Types Display
      ΓêÜ should not display appointment types when array is empty (3 
ms)
      ΓêÜ should not display appointment types by default (4 ms)
    Edge Cases
      ΓêÜ should handle empty grower name (6 ms)
      ΓêÜ should handle very long grower names (7 ms)
      ΓêÜ should handle special characters in grower name (8 ms)
    Accessibility
      ΓêÜ should have proper button role (7 ms)
      ΓêÜ should be keyboard accessible (14 ms)
  AppointmentTypeCard Component
    Rendering
      ΓêÜ should render appointment name (7 ms)
      ΓêÜ should render duration (6 ms)
      ΓêÜ should render description when provided (4 ms)
      ΓêÜ should not render description when not provided (3 ms)
    Meeting Type Icons
      ΓêÜ should show video icon for online meetings (9 ms)
      ΓêÜ should show map pin icon for in-person meetings (3 ms)
      ΓêÜ should show phone icon for phone meetings (4 ms)
    Meeting Type Labels
      ΓêÜ should display "Online (Google Meet)" for online type (5 ms)
      ΓêÜ should display "In-Person Visit" for in-person type (5 ms)
      ΓêÜ should display "Phone Call" for phone type (4 ms)
    Different Durations
      ΓêÜ should handle 15-minute appointments (6 ms)
      ΓêÜ should handle 45-minute appointments (4 ms)
      ΓêÜ should handle 60-minute appointments (3 ms)
    Clock Icon
      ΓêÜ should display clock icon for duration (12 ms)
    Accessibility
      ΓêÜ should render as a card element (4 ms)
    Edge Cases
      ΓêÜ should handle very long appointment names (4 ms)
      ΓêÜ should handle very long descriptions (5 ms)
      ΓêÜ should handle zero duration (5 ms)

  ΓùÅ CalendlyButton Component ΓÇ║ Navigation ΓÇ║ should navigate to 
booking page when clicked

    ReferenceError: mockPush is not defined

    [0m [90m 86 |[39m       
fireEvent[33m.[39mclick(button)[33m;[39m
     [90m 87 |[39m       
    [31m[1m>[22m[39m[90m 88 |[39m       expect(mockPush)[33m.[3
9mtoHaveBeenCalledWith([32m'/grower/shroomarket/book'[39m)[33m;[39m
     [90m    |[39m              [31m[1m^[22m[39m
     [90m 89 |[39m     })[33m;[39m
     [90m 90 |[39m
     [90m 91 |[39m     it([32m'should construct correct URL with 
different grower slugs'[39m[33m,[39m () [33m=>[39m {[0m

      at Object.mockPush 
(src/components/appointments/__tests__/CalendlyButton.test.tsx:88:14)

  ΓùÅ CalendlyButton Component ΓÇ║ Navigation ΓÇ║ should construct 
correct URL with different grower slugs

    ReferenceError: mockPush is not defined

    [0m [90m 101 |[39m       
fireEvent[33m.[39mclick(button)[33m;[39m
     [90m 102 |[39m       
    [31m[1m>[22m[39m[90m 103 |[39m       expect(mockPush)[33m.[
39mtoHaveBeenCalledWith([32m'/grower/fungi-fresh-farms/book'[39m)[33
m;[39m
     [90m     |[39m              [31m[1m^[22m[39m
     [90m 104 |[39m     })[33m;[39m
     [90m 105 |[39m
     [90m 106 |[39m     it([32m'should handle slugs with special 
characters'[39m[33m,[39m () [33m=>[39m {[0m

      at Object.mockPush 
(src/components/appointments/__tests__/CalendlyButton.test.tsx:103:14)

  ΓùÅ CalendlyButton Component ΓÇ║ Navigation ΓÇ║ should handle slugs 
with special characters

    ReferenceError: mockPush is not defined

    [0m [90m 116 |[39m       
fireEvent[33m.[39mclick(button)[33m;[39m
     [90m 117 |[39m       
    [31m[1m>[22m[39m[90m 118 |[39m       expect(mockPush)[33m.[
39mtoHaveBeenCalledWith([32m'/grower/the-mushroom-patch-bukidnon/book'
[39m)[33m;[39m
     [90m     |[39m              [31m[1m^[22m[39m
     [90m 119 |[39m     })[33m;[39m
     [90m 120 |[39m   })[33m;[39m
     [90m 121 |[39m[0m

      at Object.mockPush 
(src/components/appointments/__tests__/CalendlyButton.test.tsx:118:14)

A worker process has failed to exit gracefully and has been force 
exited. This is likely caused by tests leaking due to improper 
teardown. Try running with --detectOpenHandles to find leaks. Active 
timers can also cause this, ensure that .unref() was called on them.
Test Suites: 3 failed, 3 total
Tests:       4 failed, 64 passed, 68 total
Snapshots:   0 total
Time:        14.511 s
Ran all test suites.
